Archive member included to satisfy reference by file (symbol)

c:/program files (x86)/atmel/studio/7.0/toolchain/arm/arm-gnu-toolchain/bin/../lib/gcc/arm-none-eabi/6.3.1/thumb/v6-m\libgcc.a(_udivsi3.o)
                              hpl/core/hpl_core_m0plus_base.o (__aeabi_uidiv)
c:/program files (x86)/atmel/studio/7.0/toolchain/arm/arm-gnu-toolchain/bin/../lib/gcc/arm-none-eabi/6.3.1/thumb/v6-m\libgcc.a(_divsi3.o)
                              tinyusb/src/class/usbtmc/usbtmc_device.o (__aeabi_idivmod)
c:/program files (x86)/atmel/studio/7.0/toolchain/arm/arm-gnu-toolchain/bin/../lib/gcc/arm-none-eabi/6.3.1/thumb/v6-m\libgcc.a(_dvmd_tls.o)
                              c:/program files (x86)/atmel/studio/7.0/toolchain/arm/arm-gnu-toolchain/bin/../lib/gcc/arm-none-eabi/6.3.1/thumb/v6-m\libgcc.a(_udivsi3.o) (__aeabi_idiv0)
c:/program files (x86)/atmel/studio/7.0/toolchain/arm/arm-gnu-toolchain/bin/../lib/gcc/arm-none-eabi/6.3.1/thumb/v6-m\libgcc.a(_fixunsdfsi.o)
                              tinyusb/hw/usbtmc_app.o (__aeabi_d2uiz)
c:/program files (x86)/atmel/studio/7.0/toolchain/arm/arm-gnu-toolchain/bin/../lib/gcc/arm-none-eabi/6.3.1/thumb/v6-m\libgcc.a(mulsf3.o)
                              tinyusb/hw/usbtmc_app.o (__aeabi_fmul)
c:/program files (x86)/atmel/studio/7.0/toolchain/arm/arm-gnu-toolchain/bin/../lib/gcc/arm-none-eabi/6.3.1/thumb/v6-m\libgcc.a(subsf3.o)
                              tinyusb/hw/usbtmc_app.o (__aeabi_fsub)
c:/program files (x86)/atmel/studio/7.0/toolchain/arm/arm-gnu-toolchain/bin/../lib/gcc/arm-none-eabi/6.3.1/thumb/v6-m\libgcc.a(fixsfsi.o)
                              tinyusb/hw/usbtmc_app.o (__aeabi_f2iz)
c:/program files (x86)/atmel/studio/7.0/toolchain/arm/arm-gnu-toolchain/bin/../lib/gcc/arm-none-eabi/6.3.1/thumb/v6-m\libgcc.a(floatsisf.o)
                              tinyusb/hw/usbtmc_app.o (__aeabi_i2f)
c:/program files (x86)/atmel/studio/7.0/toolchain/arm/arm-gnu-toolchain/bin/../lib/gcc/arm-none-eabi/6.3.1/thumb/v6-m\libgcc.a(floatunsisf.o)
                              tinyusb/hw/usbtmc_app.o (__aeabi_ui2f)
c:/program files (x86)/atmel/studio/7.0/toolchain/arm/arm-gnu-toolchain/bin/../lib/gcc/arm-none-eabi/6.3.1/thumb/v6-m\libgcc.a(adddf3.o)
                              tinyusb/hw/usbtmc_app.o (__aeabi_dadd)
c:/program files (x86)/atmel/studio/7.0/toolchain/arm/arm-gnu-toolchain/bin/../lib/gcc/arm-none-eabi/6.3.1/thumb/v6-m\libgcc.a(divdf3.o)
                              tinyusb/hw/usbtmc_app.o (__aeabi_ddiv)
c:/program files (x86)/atmel/studio/7.0/toolchain/arm/arm-gnu-toolchain/bin/../lib/gcc/arm-none-eabi/6.3.1/thumb/v6-m\libgcc.a(muldf3.o)
                              tinyusb/hw/usbtmc_app.o (__aeabi_dmul)
c:/program files (x86)/atmel/studio/7.0/toolchain/arm/arm-gnu-toolchain/bin/../lib/gcc/arm-none-eabi/6.3.1/thumb/v6-m\libgcc.a(subdf3.o)
                              c:/program files (x86)/atmel/studio/7.0/toolchain/arm/arm-gnu-toolchain/bin/../lib/gcc/arm-none-eabi/6.3.1/thumb/v6-m\libgcc.a(_fixunsdfsi.o) (__aeabi_dsub)
c:/program files (x86)/atmel/studio/7.0/toolchain/arm/arm-gnu-toolchain/bin/../lib/gcc/arm-none-eabi/6.3.1/thumb/v6-m\libgcc.a(fixdfsi.o)
                              tinyusb/hw/usbtmc_app.o (__aeabi_d2iz)
c:/program files (x86)/atmel/studio/7.0/toolchain/arm/arm-gnu-toolchain/bin/../lib/gcc/arm-none-eabi/6.3.1/thumb/v6-m\libgcc.a(floatsidf.o)
                              tinyusb/hw/usbtmc_app.o (__aeabi_i2d)
c:/program files (x86)/atmel/studio/7.0/toolchain/arm/arm-gnu-toolchain/bin/../lib/gcc/arm-none-eabi/6.3.1/thumb/v6-m\libgcc.a(extendsfdf2.o)
                              tinyusb/hw/usbtmc_app.o (__aeabi_f2d)
c:/program files (x86)/atmel/studio/7.0/toolchain/arm/arm-gnu-toolchain/bin/../lib/gcc/arm-none-eabi/6.3.1/thumb/v6-m\libgcc.a(truncdfsf2.o)
                              tinyusb/hw/usbtmc_app.o (__aeabi_d2f)
c:/program files (x86)/atmel/studio/7.0/toolchain/arm/arm-gnu-toolchain/bin/../lib/gcc/arm-none-eabi/6.3.1/thumb/v6-m\libgcc.a(_arm_cmpdf2.o)
                              c:/program files (x86)/atmel/studio/7.0/toolchain/arm/arm-gnu-toolchain/bin/../lib/gcc/arm-none-eabi/6.3.1/thumb/v6-m\libgcc.a(_fixunsdfsi.o) (__aeabi_dcmpge)
c:/program files (x86)/atmel/studio/7.0/toolchain/arm/arm-gnu-toolchain/bin/../lib/gcc/arm-none-eabi/6.3.1/thumb/v6-m\libgcc.a(_clzsi2.o)
                              c:/program files (x86)/atmel/studio/7.0/toolchain/arm/arm-gnu-toolchain/bin/../lib/gcc/arm-none-eabi/6.3.1/thumb/v6-m\libgcc.a(mulsf3.o) (__clzsi2)
c:/program files (x86)/atmel/studio/7.0/toolchain/arm/arm-gnu-toolchain/bin/../lib/gcc/arm-none-eabi/6.3.1/thumb/v6-m\libgcc.a(eqdf2.o)
                              c:/program files (x86)/atmel/studio/7.0/toolchain/arm/arm-gnu-toolchain/bin/../lib/gcc/arm-none-eabi/6.3.1/thumb/v6-m\libgcc.a(_arm_cmpdf2.o) (__eqdf2)
c:/program files (x86)/atmel/studio/7.0/toolchain/arm/arm-gnu-toolchain/bin/../lib/gcc/arm-none-eabi/6.3.1/thumb/v6-m\libgcc.a(gedf2.o)
[...]
Memory Configuration

Name             Origin             Length             Attributes
rom              0x00000000         0x00040000         xr
ram              0x20000000         0x00008000         xrw
*default*        0x00000000         0xffffffff

Linker script and memory map

LOAD c:/program files (x86)/atmel/studio/7.0/toolchain/arm/arm-gnu-toolchain/bin/../lib/gcc/arm-none-eabi/6.3.1/thumb/v6-m/crti.o
LOAD c:/program files (x86)/atmel/studio/7.0/toolchain/arm/arm-gnu-toolchain/bin/../lib/gcc/arm-none-eabi/6.3.1/thumb/v6-m/crtbegin.o
LOAD c:/program files (x86)/atmel/studio/7.0/toolchain/arm/arm-gnu-toolchain/bin/../lib/gcc/arm-none-eabi/6.3.1/../../../../arm-none-eabi/lib/thumb/v6-m/crt0.o
LOAD atmel_start.o
LOAD Device_Startup/startup_samd21.o
LOAD Device_Startup/system_samd21.o
LOAD driver_init.o
LOAD examples/driver_examples.o
LOAD hal/src/hal_atomic.o
LOAD hal/src/hal_delay.o
LOAD hal/src/hal_gpio.o
LOAD hal/src/hal_init.o
LOAD hal/src/hal_io.o
LOAD hal/src/hal_sleep.o
LOAD hal/src/hal_timer.o
LOAD hal/utils/src/utils_assert.o
LOAD hal/utils/src/utils_event.o
LOAD hal/utils/src/utils_list.o
LOAD hal/utils/src/utils_syscalls.o
LOAD hpl/core/hpl_core_m0plus_base.o
LOAD hpl/core/hpl_init.o
LOAD hpl/dmac/hpl_dmac.o
LOAD hpl/gclk/hpl_gclk.o
LOAD hpl/pm/hpl_pm.o
LOAD hpl/sysctrl/hpl_sysctrl.o
LOAD hpl/systick/hpl_systick.o
LOAD hpl/tc/hpl_tc.o
LOAD led_switcher_main.o
LOAD tinyusb/hw/bsp/board.o
LOAD tinyusb/hw/bsp/samd21/Clock_Init.o
LOAD tinyusb/hw/bsp/samd21/family.o
LOAD tinyusb/hw/usbtmc_app.o
LOAD tinyusb/hw/usb_descriptors.o
LOAD tinyusb/src/class/audio/audio_device.o
LOAD tinyusb/src/class/bth/bth_device.o
LOAD tinyusb/src/class/cdc/cdc_device.o
LOAD tinyusb/src/class/cdc/cdc_host.o
LOAD tinyusb/src/class/cdc/cdc_rndis_host.o
LOAD tinyusb/src/class/dfu/dfu_device.o
LOAD tinyusb/src/class/dfu/dfu_rt_device.o
LOAD tinyusb/src/class/hid/hid_device.o
LOAD tinyusb/src/class/hid/hid_host.o
LOAD tinyusb/src/class/midi/midi_device.o
LOAD tinyusb/src/class/msc/msc_device.o
LOAD tinyusb/src/class/msc/msc_host.o
LOAD tinyusb/src/class/net/ecm_rndis_device.o
LOAD tinyusb/src/class/net/ncm_device.o
LOAD tinyusb/src/class/usbtmc/usbtmc_device.o
LOAD tinyusb/src/class/vendor/vendor_device.o
LOAD tinyusb/src/class/vendor/vendor_host.o
LOAD tinyusb/src/class/video/video_device.o
LOAD tinyusb/src/common/tusb_fifo.o
LOAD tinyusb/src/device/usbd.o
LOAD tinyusb/src/device/usbd_control.o
LOAD tinyusb/src/host/hub.o
LOAD tinyusb/src/host/usbh.o
LOAD tinyusb/src/portable/dcd_samd.o
LOAD tinyusb/src/tusb.o
START GROUP
LOAD c:/program files (x86)/atmel/studio/7.0/toolchain/arm/arm-gnu-toolchain/bin/../lib/gcc/arm-none-eabi/6.3.1/../../../../arm-none-eabi/lib/thumb/v6-m\libm.a
END GROUP
START GROUP
LOAD c:/program files (x86)/atmel/studio/7.0/toolchain/arm/arm-gnu-toolchain/bin/../lib/gcc/arm-none-eabi/6.3.1/thumb/v6-m\libgcc.a
LOAD c:/program files (x86)/atmel/studio/7.0/toolchain/arm/arm-gnu-toolchain/bin/../lib/gcc/arm-none-eabi/6.3.1/../../../../arm-none-eabi/lib/thumb/v6-m\libc_nano.a
END GROUP
START GROUP
LOAD c:/program files (x86)/atmel/studio/7.0/toolchain/arm/arm-gnu-toolchain/bin/../lib/gcc/arm-none-eabi/6.3.1/thumb/v6-m\libgcc.a
LOAD c:/program files (x86)/atmel/studio/7.0/toolchain/arm/arm-gnu-toolchain/bin/../lib/gcc/arm-none-eabi/6.3.1/../../../../arm-none-eabi/lib/thumb/v6-m\libc_nano.a
END GROUP
LOAD c:/program files (x86)/atmel/studio/7.0/toolchain/arm/arm-gnu-toolchain/bin/../lib/gcc/arm-none-eabi/6.3.1/thumb/v6-m/crtend.o
LOAD c:/program files (x86)/atmel/studio/7.0/toolchain/arm/arm-gnu-toolchain/bin/../lib/gcc/arm-none-eabi/6.3.1/thumb/v6-m/crtn.o
                0x00002000                STACK_SIZE = DEFINED (STACK_SIZE)?STACK_SIZE:DEFINED (__stack_size__)?__stack_size__:0x2000

.text           0x00000000     0x81d8
                0x00000000                . = ALIGN (0x4)
                0x00000000                _sfixed = .
 *(.vectors .vectors.*)
 .vectors       0x00000000       0xb4 Device_Startup/startup_samd21.o
                0x00000000                exception_table
 *(.text .text.* .gnu.linkonce.t.*)
 .text          0x000000b4       0x60 c:/program files (x86)/atmel/studio/7.0/toolchain/arm/arm-gnu-toolchain/bin/../lib/gcc/arm-none-eabi/6.3.1/thumb/v6-m/crtbegin.o
 .text.Dummy_Handler
                0x00000114        0x2 Device_Startup/startup_samd21.o
                0x00000114                SVCall_Handler
                0x00000114                DMAC_Handler
                0x00000114                HardFault_Handler
                0x00000114                AC_Handler
                0x00000114                PendSV_Handler
                0x00000114                TC7_Handler
                0x00000114                SERCOM1_Handler
                0x00000114                ADC_Handler
                0x00000114                NonMaskableInt_Handler
                0x00000114                TCC1_Handler
                0x00000114                SERCOM2_Handler
                0x00000114                TCC0_Handler
                0x00000114                RTC_Handler
                0x00000114                EIC_Handler
                0x00000114                WDT_Handler
                0x00000114                TC4_Handler
                0x00000114                TC3_Handler
                0x00000114                Dummy_Handler
                0x00000114                PM_Handler
                0x00000114                SERCOM5_Handler
                0x00000114                TCC2_Handler
                0x00000114                EVSYS_Handler
                0x00000114                SERCOM3_Handler
                0x00000114                SERCOM4_Handler
                0x00000114                I2S_Handler
                0x00000114                NVMCTRL_Handler
                0x00000114                SERCOM0_Handler
                0x00000114                DAC_Handler
                0x00000114                PTC_Handler
                0x00000114                TC5_Handler
                0x00000114                SYSCTRL_Handler
 *fill*         0x00000116        0x2 
 .text.Reset_Handler
                0x00000118       0xc4 Device_Startup/startup_samd21.o
                0x00000118                Reset_Handler
 .text._sbrk    0x000001dc       0x24 hal/utils/src/utils_syscalls.o
                0x000001dc                _sbrk
 .text.tc_interrupt_handler
                0x00000200       0x16 hpl/tc/hpl_tc.o
 *fill*         0x00000216        0x2 
 .text.TC6_Handler
                0x00000218       0x14 hpl/tc/hpl_tc.o
                0x00000218                TC6_Handler
 .text.tud_mount_cb
                0x0000022c        0xc led_switcher_main.o
                0x0000022c                tud_mount_cb
 .text.tud_umount_cb
                0x00000238        0xc led_switcher_main.o
                0x00000238                tud_umount_cb
 .text.tud_suspend_cb
                0x00000244       0x10 led_switcher_main.o
                0x00000244                tud_suspend_cb
 .text.tud_resume_cb
                0x00000254        0xc led_switcher_main.o
                0x00000254                tud_resume_cb
 .text.led_indicator_pulse
                0x00000260        0xc led_switcher_main.o
                0x00000260                led_indicator_pulse
 .text.led_blinking_task
                0x0000026c       0x90 led_switcher_main.o
                0x0000026c                led_blinking_task
 .text.main     0x000002fc       0x34 led_switcher_main.o
                0x000002fc                main
 .text.clock_init
                0x00000330      0x170 tinyusb/hw/bsp/samd21/Clock_Init.o
                0x00000330                clock_init
 .text.USB_Handler
                0x000004a0       0x10 tinyusb/hw/bsp/samd21/family.o
                0x000004a0                USB_Handler
 .text.board_led_write
                0x000004b0       0x20 tinyusb/hw/bsp/samd21/family.o
                0x000004b0                board_led_write
 .text.board_init
                0x000004d0      0x188 tinyusb/hw/bsp/samd21/family.o
                0x000004d0                board_init
 .text.SysTick_Handler
                0x00000658       0x10 tinyusb/hw/bsp/samd21/family.o
                0x00000658                SysTick_Handler
 .text.board_millis
                0x00000668        0xc tinyusb/hw/bsp/samd21/family.o
                0x00000668                board_millis
 .text.tud_usbtmc_open_cb
                0x00000674        0xc tinyusb/hw/usbtmc_app.o
                0x00000674                tud_usbtmc_open_cb
 .text.tud_usbtmc_get_capabilities_cb
                0x00000680        0x8 tinyusb/hw/usbtmc_app.o
                0x00000680                tud_usbtmc_get_capabilities_cb
 .text.tud_usbtmc_msg_trigger_cb
                0x00000688       0x14 tinyusb/hw/usbtmc_app.o
                0x00000688                tud_usbtmc_msg_trigger_cb
 .text.tud_usbtmc_msgBulkOut_start_cb
                0x0000069c       0x2c tinyusb/hw/usbtmc_app.o
                0x0000069c                tud_usbtmc_msgBulkOut_start_cb
 .text.tud_usbtmc_msgBulkIn_complete_cb
                0x000006c8       0x38 tinyusb/hw/usbtmc_app.o
                0x000006c8                tud_usbtmc_msgBulkIn_complete_cb
 .text.tud_usbtmc_msgBulkIn_request_cb
                0x00000700       0x7c tinyusb/hw/usbtmc_app.o
                0x00000700                tud_usbtmc_msgBulkIn_request_cb
 .text.usbtmc_app_task_iter
                0x0000077c      0x1e4 tinyusb/hw/usbtmc_app.o
                0x0000077c                usbtmc_app_task_iter
 .text.tud_usbtmc_initiate_clear_cb
                0x00000960       0x18 tinyusb/hw/usbtmc_app.o
                0x00000960                tud_usbtmc_initiate_clear_cb
 .text.tud_usbtmc_check_clear_cb
                0x00000978       0x24 tinyusb/hw/usbtmc_app.o
                0x00000978                tud_usbtmc_check_clear_cb
 .text.tud_usbtmc_initiate_abort_bulk_in_cb
                0x0000099c       0x14 tinyusb/hw/usbtmc_app.o
                0x0000099c                tud_usbtmc_initiate_abort_bulk_in_cb
 .text.tud_usbtmc_check_abort_bulk_in_cb
                0x000009b0       0x10 tinyusb/hw/usbtmc_app.o
                0x000009b0                tud_usbtmc_check_abort_bulk_in_cb
 .text.tud_usbtmc_initiate_abort_bulk_out_cb
                0x000009c0        0x8 tinyusb/hw/usbtmc_app.o
                0x000009c0                tud_usbtmc_initiate_abort_bulk_out_cb
 .text.tud_usbtmc_check_abort_bulk_out_cb
                0x000009c8       0x10 tinyusb/hw/usbtmc_app.o
                0x000009c8                tud_usbtmc_check_abort_bulk_out_cb
 .text.tud_usbtmc_bulkIn_clearFeature_cb
                0x000009d8        0x2 tinyusb/hw/usbtmc_app.o
                0x000009d8                tud_usbtmc_bulkIn_clearFeature_cb
 *fill*         0x000009da        0x2 
 .text.tud_usbtmc_bulkOut_clearFeature_cb
                0x000009dc        0xc tinyusb/hw/usbtmc_app.o
                0x000009dc                tud_usbtmc_bulkOut_clearFeature_cb
 .text.tud_usbtmc_get_stb_cb
                0x000009e8       0x1c tinyusb/hw/usbtmc_app.o
                0x000009e8                tud_usbtmc_get_stb_cb
 .text.tud_usbtmc_indicator_pulse_cb
                0x00000a04       0x14 tinyusb/hw/usbtmc_app.o
                0x00000a04                tud_usbtmc_indicator_pulse_cb
 .text.adc_get_sample
                0x00000a18       0x40 tinyusb/hw/usbtmc_app.o
                0x00000a18                adc_get_sample
 .text.get_value
                0x00000a58       0x10 tinyusb/hw/usbtmc_app.o
                0x00000a58                get_value
 .text.ftoa     0x00000a68       0xb8 tinyusb/hw/usbtmc_app.o
                0x00000a68                ftoa
 .text.tud_usbtmc_msg_data_cb
                0x00000b20      0x370 tinyusb/hw/usbtmc_app.o
                0x00000b20                tud_usbtmc_msg_data_cb
 .text.tud_descriptor_device_cb
                0x00000e90        0x8 tinyusb/hw/usb_descriptors.o
                0x00000e90                tud_descriptor_device_cb
 .text.tud_descriptor_configuration_cb
                0x00000e98        0xc tinyusb/hw/usb_descriptors.o
                0x00000e98                tud_descriptor_configuration_cb
 .text.tud_descriptor_string_cb
                0x00000ea4       0x6c tinyusb/hw/usb_descriptors.o
                0x00000ea4                tud_descriptor_string_cb
 .text.atomicChangeState
                0x00000f10       0x3c tinyusb/src/class/usbtmc/usbtmc_device.o
                0x00000f10                atomicChangeState
 .text.handle_devMsgIn
                0x00000f4c       0x7c tinyusb/src/class/usbtmc/usbtmc_device.o
 .text.handle_devMsgOut
                0x00000fc8       0x68 tinyusb/src/class/usbtmc/usbtmc_device.o
 .text.handle_devMsgOutStart
                0x00001030       0x70 tinyusb/src/class/usbtmc/usbtmc_device.o
 .text.tud_usbtmc_transmit_dev_msg_data
                0x000010a0      0x130 tinyusb/src/class/usbtmc/usbtmc_device.o
                0x000010a0                tud_usbtmc_transmit_dev_msg_data
 .text.usbtmcd_init_cb
                0x000011d0       0x50 tinyusb/src/class/usbtmc/usbtmc_device.o
                0x000011d0                usbtmcd_init_cb
 .text.usbtmcd_open_cb
                0x00001220      0x180 tinyusb/src/class/usbtmc/usbtmc_device.o
                0x00001220                usbtmcd_open_cb
 .text.tud_usbtmc_start_bus_read
                0x000013a0       0x40 tinyusb/src/class/usbtmc/usbtmc_device.o
                0x000013a0                tud_usbtmc_start_bus_read
 .text.usbtmcd_reset_cb
                0x000013e0       0x4c tinyusb/src/class/usbtmc/usbtmc_device.o
                0x000013e0                usbtmcd_reset_cb
 .text.usbtmcd_xfer_cb
                0x0000142c      0x210 tinyusb/src/class/usbtmc/usbtmc_device.o
                0x0000142c                usbtmcd_xfer_cb
 .text.usbtmcd_control_xfer_cb
                0x0000163c      0x644 tinyusb/src/class/usbtmc/usbtmc_device.o
                0x0000163c                usbtmcd_control_xfer_cb
 .text.advance_pointer
                0x00001c80       0x18 tinyusb/src/common/tusb_fifo.o
 .text.backward_pointer
                0x00001c98       0x18 tinyusb/src/common/tusb_fifo.o
 .text.get_relative_pointer
                0x00001cb0       0x10 tinyusb/src/common/tusb_fifo.o
 .text._tu_fifo_peek
                0x00001cc0       0x58 tinyusb/src/common/tusb_fifo.o
 .text.tu_fifo_read
                0x00001d18       0x2c tinyusb/src/common/tusb_fifo.o
                0x00001d18                tu_fifo_read
 .text.tu_fifo_write
                0x00001d44       0x60 tinyusb/src/common/tusb_fifo.o
                0x00001d44                tu_fifo_write
 .text.tu_fifo_clear
                0x00001da4       0x1a tinyusb/src/common/tusb_fifo.o
                0x00001da4                tu_fifo_clear
 *fill*         0x00001dbe        0x2 
 .text.configuration_reset
                0x00001dc0       0x88 tinyusb/src/device/usbd.o
 .text.usbd_reset
                0x00001e48       0x14 tinyusb/src/device/usbd.o
 .text.invoke_class_control
                0x00001e5c       0x20 tinyusb/src/device/usbd.o
 .text.process_set_config
                0x00001e7c      0x16c tinyusb/src/device/usbd.o
 .text.process_get_descriptor
                0x00001fe8       0xf4 tinyusb/src/device/usbd.o
 .text.usbd_int_set
                0x000020dc       0x28 tinyusb/src/device/usbd.o
                0x000020dc                usbd_int_set
 .text.tud_inited
                0x00002104       0x14 tinyusb/src/device/usbd.o
                0x00002104                tud_inited
 .text.tud_init
                0x00002118       0xbc tinyusb/src/device/usbd.o
                0x00002118                tud_init
 .text.dcd_event_handler
                0x000021d4      0x1a8 tinyusb/src/device/usbd.o
                0x000021d4                dcd_event_handler
 .text.usbd_edpt_open
                0x0000237c       0x40 tinyusb/src/device/usbd.o
                0x0000237c                usbd_edpt_open
 .text.usbd_edpt_xfer
                0x000023bc       0x7c tinyusb/src/device/usbd.o
                0x000023bc                usbd_edpt_xfer
 .text.usbd_edpt_busy
                0x00002438       0x1c tinyusb/src/device/usbd.o
                0x00002438                usbd_edpt_busy
 .text.usbd_edpt_stall
                0x00002454       0x4c tinyusb/src/device/usbd.o
                0x00002454                usbd_edpt_stall
 .text.usbd_edpt_clear_stall
                0x000024a0       0x4c tinyusb/src/device/usbd.o
                0x000024a0                usbd_edpt_clear_stall
 .text.usbd_edpt_stalled
                0x000024ec       0x1c tinyusb/src/device/usbd.o
                0x000024ec                usbd_edpt_stalled
 .text.process_control_request
                0x00002508      0x3c0 tinyusb/src/device/usbd.o
 .text.tud_task_ext
                0x000028c8      0x1a8 tinyusb/src/device/usbd.o
                0x000028c8                tud_task_ext
 .text._data_stage_xact
                0x00002a70       0x5c tinyusb/src/device/usbd_control.o
 .text.tud_control_status
                0x00002acc       0x44 tinyusb/src/device/usbd_control.o
                0x00002acc                tud_control_status
 .text.tud_control_xfer
                0x00002b10       0x84 tinyusb/src/device/usbd_control.o
                0x00002b10                tud_control_xfer
 .text.usbd_control_reset
                0x00002b94       0x18 tinyusb/src/device/usbd_control.o
                0x00002b94                usbd_control_reset
 .text.usbd_control_set_complete_callback
                0x00002bac        0xc tinyusb/src/device/usbd_control.o
                0x00002bac                usbd_control_set_complete_callback
 .text.usbd_control_set_request
                0x00002bb8       0x24 tinyusb/src/device/usbd_control.o
                0x00002bb8                usbd_control_set_request
 .text.usbd_control_xfer_cb
                0x00002bdc       0xe8 tinyusb/src/device/usbd_control.o
                0x00002bdc                usbd_control_xfer_cb
 .text.bus_reset
                0x00002cc4       0x58 tinyusb/src/portable/dcd_samd.o
 .text.dcd_init
                0x00002d1c       0x9c tinyusb/src/portable/dcd_samd.o
                0x00002d1c                dcd_init
 .text.dcd_int_enable
                0x00002db8        0xc tinyusb/src/portable/dcd_samd.o
                0x00002db8                dcd_int_enable
 .text.dcd_int_disable
                0x00002dc4       0x14 tinyusb/src/portable/dcd_samd.o
                0x00002dc4                dcd_int_disable
 .text.dcd_edpt0_status_complete
                0x00002dd8       0x48 tinyusb/src/portable/dcd_samd.o
                0x00002dd8                dcd_edpt0_status_complete
 .text.dcd_edpt_open
                0x00002e20       0xd0 tinyusb/src/portable/dcd_samd.o
                0x00002e20                dcd_edpt_open
 .text.dcd_edpt_close_all
                0x00002ef0        0x2 tinyusb/src/portable/dcd_samd.o
                0x00002ef0                dcd_edpt_close_all
 *fill*         0x00002ef2        0x2 
 .text.dcd_edpt_xfer
                0x00002ef4       0xbc tinyusb/src/portable/dcd_samd.o
                0x00002ef4                dcd_edpt_xfer
 .text.dcd_set_address
                0x00002fb0       0x20 tinyusb/src/portable/dcd_samd.o
                0x00002fb0                dcd_set_address
 .text.dcd_edpt_stall
                0x00002fd0       0x24 tinyusb/src/portable/dcd_samd.o
                0x00002fd0                dcd_edpt_stall
 .text.dcd_edpt_clear_stall
                0x00002ff4       0x24 tinyusb/src/portable/dcd_samd.o
                0x00002ff4                dcd_edpt_clear_stall
 .text.maybe_transfer_complete
                0x00003018       0xd8 tinyusb/src/portable/dcd_samd.o
                0x00003018                maybe_transfer_complete
 .text.dcd_int_handler
                0x000030f0      0x104 tinyusb/src/portable/dcd_samd.o
                0x000030f0                dcd_int_handler
 .text.tusb_inited
                0x000031f4       0x14 tinyusb/src/tusb.o
                0x000031f4                tusb_inited
 .text.tu_edpt_validate
                0x00003208       0x74 tinyusb/src/tusb.o
                0x00003208                tu_edpt_validate
 .text.tu_edpt_bind_driver
                0x0000327c       0x26 tinyusb/src/tusb.o
                0x0000327c                tu_edpt_bind_driver
 *fill*         0x000032a2        0x2 
 .text          0x000032a4      0x114 c:/program files (x86)/atmel/studio/7.0/toolchain/arm/arm-gnu-toolchain/bin/../lib/gcc/arm-none-eabi/6.3.1/thumb/v6-m\libgcc.a(_udivsi3.o)
                0x000032a4                __aeabi_uidiv
                0x000032a4                __udivsi3
                0x000033b0                __aeabi_uidivmod
 .text          0x000033b8      0x1d4 c:/program files (x86)/atmel/studio/7.0/toolchain/arm/arm-gnu-toolchain/bin/../lib/gcc/arm-none-eabi/6.3.1/thumb/v6-m\libgcc.a(_divsi3.o)
                0x000033b8                __divsi3
                0x000033b8                __aeabi_idiv
                0x00003584                __aeabi_idivmod
 .text          0x0000358c        0x4 c:/program files (x86)/atmel/studio/7.0/toolchain/arm/arm-gnu-toolchain/bin/../lib/gcc/arm-none-eabi/6.3.1/thumb/v6-m\libgcc.a(_dvmd_tls.o)
                0x0000358c                __aeabi_idiv0
                0x0000358c                __aeabi_ldiv0
 .text          0x00003590       0x3c c:/program files (x86)/atmel/studio/7.0/toolchain/arm/arm-gnu-toolchain/bin/../lib/gcc/arm-none-eabi/6.3.1/thumb/v6-m\libgcc.a(_fixunsdfsi.o)
                0x00003590                __aeabi_d2uiz
                0x00003590                __fixunsdfsi
 .text          0x000035cc      0x240 c:/program files (x86)/atmel/studio/7.0/toolchain/arm/arm-gnu-toolchain/bin/../lib/gcc/arm-none-eabi/6.3.1/thumb/v6-m\libgcc.a(mulsf3.o)
                0x000035cc                __aeabi_fmul
 .text          0x0000380c      0x338 c:/program files (x86)/atmel/studio/7.0/toolchain/arm/arm-gnu-toolchain/bin/../lib/gcc/arm-none-eabi/6.3.1/thumb/v6-m\libgcc.a(subsf3.o)
                0x0000380c                __aeabi_fsub
 .text          0x00003b44       0x40 c:/program files (x86)/atmel/studio/7.0/toolchain/arm/arm-gnu-toolchain/bin/../lib/gcc/arm-none-eabi/6.3.1/thumb/v6-m\libgcc.a(fixsfsi.o)
                0x00003b44                __aeabi_f2iz
 .text          0x00003b84       0xa0 c:/program files (x86)/atmel/studio/7.0/toolchain/arm/arm-gnu-toolchain/bin/../lib/gcc/arm-none-eabi/6.3.1/thumb/v6-m\libgcc.a(floatsisf.o)
                0x00003b84                __aeabi_i2f
 .text          0x00003c24       0x8c c:/program files (x86)/atmel/studio/7.0/toolchain/arm/arm-gnu-toolchain/bin/../lib/gcc/arm-none-eabi/6.3.1/thumb/v6-m\libgcc.a(floatunsisf.o)
                0x00003c24                __aeabi_ui2f
 .text          0x00003cb0      0x620 c:/program files (x86)/atmel/studio/7.0/toolchain/arm/arm-gnu-toolchain/bin/../lib/gcc/arm-none-eabi/6.3.1/thumb/v6-m\libgcc.a(adddf3.o)
                0x00003cb0                __aeabi_dadd
 .text          0x000042d0      0x668 c:/program files (x86)/atmel/studio/7.0/toolchain/arm/arm-gnu-toolchain/bin/../lib/gcc/arm-none-eabi/6.3.1/thumb/v6-m\libgcc.a(divdf3.o)
                0x000042d0                __aeabi_ddiv
 .text          0x00004938      0x500 c:/program files (x86)/atmel/studio/7.0/toolchain/arm/arm-gnu-toolchain/bin/../lib/gcc/arm-none-eabi/6.3.1/thumb/v6-m\libgcc.a(muldf3.o)
                0x00004938                __aeabi_dmul
 .text          0x00004e38      0x62c c:/program files (x86)/atmel/studio/7.0/toolchain/arm/arm-gnu-toolchain/bin/../lib/gcc/arm-none-eabi/6.3.1/thumb/v6-m\libgcc.a(subdf3.o)
                0x00004e38                __aeabi_dsub
 .text          0x00005464       0x68 c:/program files (x86)/atmel/studio/7.0/toolchain/arm/arm-gnu-toolchain/bin/../lib/gcc/arm-none-eabi/6.3.1/thumb/v6-m\libgcc.a(fixdfsi.o)
                0x00005464                __aeabi_d2iz
 .text          0x000054cc       0x84 c:/program files (x86)/atmel/studio/7.0/toolchain/arm/arm-gnu-toolchain/bin/../lib/gcc/arm-none-eabi/6.3.1/thumb/v6-m\libgcc.a(floatsidf.o)
                0x000054cc                __aeabi_i2d
 .text          0x00005550       0xa4 c:/program files (x86)/atmel/studio/7.0/toolchain/arm/arm-gnu-toolchain/bin/../lib/gcc/arm-none-eabi/6.3.1/thumb/v6-m\libgcc.a(extendsfdf2.o)
                0x00005550                __aeabi_f2d
 .text          0x000055f4      0x114 c:/program files (x86)/atmel/studio/7.0/toolchain/arm/arm-gnu-toolchain/bin/../lib/gcc/arm-none-eabi/6.3.1/thumb/v6-m\libgcc.a(truncdfsf2.o)
                0x000055f4                __aeabi_d2f
 .text          0x00005708       0x7c c:/program files (x86)/atmel/studio/7.0/toolchain/arm/arm-gnu-toolchain/bin/../lib/gcc/arm-none-eabi/6.3.1/thumb/v6-m\libgcc.a(_arm_cmpdf2.o)
                0x00005708                __aeabi_cdrcmple
                0x00005718                __aeabi_cdcmple
                0x00005718                __aeabi_cdcmpeq
                0x00005728                __aeabi_dcmpeq
                0x00005734                __aeabi_dcmplt
                0x00005748                __aeabi_dcmple
                0x0000575c                __aeabi_dcmpgt
                0x00005770                __aeabi_dcmpge
 .text          0x00005784       0x3c c:/program files (x86)/atmel/studio/7.0/toolchain/arm/arm-gnu-toolchain/bin/../lib/gcc/arm-none-eabi/6.3.1/thumb/v6-m\libgcc.a(_clzsi2.o)
                0x00005784                __clzsi2
 .text          0x000057c0       0x74 c:/program files (x86)/atmel/studio/7.0/toolchain/arm/arm-gnu-toolchain/bin/../lib/gcc/arm-none-eabi/6.3.1/thumb/v6-m\libgcc.a(eqdf2.o)
                0x000057c0                __nedf2
                0x000057c0                __eqdf2
 .text          0x00005834       0xc8 c:/program files (x86)/atmel/studio/7.0/toolchain/arm/arm-gnu-toolchain/bin/../lib/gcc/arm-none-eabi/6.3.1/thumb/v6-m\libgcc.a(gedf2.o)
                0x00005834                __gedf2
                0x00005834                __gtdf2
 .text          0x000058fc       0xc4 c:/program files (x86)/atmel/studio/7.0/toolchain/arm/arm-gnu-toolchain/bin/../lib/gcc/arm-none-eabi/6.3.1/thumb/v6-m\libgcc.a(ledf2.o)
                0x000058fc                __ledf2
                0x000058fc                __ltdf2
 .text.atoi     0x000059c0        0xc c:/program files (x86)/atmel/studio/7.0/toolchain/arm/arm-gnu-toolchain/bin/../lib/gcc/arm-none-eabi/6.3.1/../../../../arm-none-eabi/lib/thumb/v6-m\libc_nano.a(lib_a-atoi.o)
                0x000059c0                atoi
 .text.__libc_init_array
                0x000059cc       0x48 c:/program files (x86)/atmel/studio/7.0/toolchain/arm/arm-gnu-toolchain/bin/../lib/gcc/arm-none-eabi/6.3.1/../../../../arm-none-eabi/lib/thumb/v6-m\libc_nano.a(lib_a-init.o)
                0x000059cc                __libc_init_array
 .text.__itoa   0x00005a14       0x30 c:/program files (x86)/atmel/studio/7.0/toolchain/arm/arm-gnu-toolchain/bin/../lib/gcc/arm-none-eabi/6.3.1/../../../../arm-none-eabi/lib/thumb/v6-m\libc_nano.a(lib_a-itoa.o)
                0x00005a14                __itoa
 .text.itoa     0x00005a44        0x8 c:/program files (x86)/atmel/studio/7.0/toolchain/arm/arm-gnu-toolchain/bin/../lib/gcc/arm-none-eabi/6.3.1/../../../../arm-none-eabi/lib/thumb/v6-m\libc_nano.a(lib_a-itoa.o)
                0x00005a44                itoa
 .text.malloc   0x00005a4c       0x14 c:/program files (x86)/atmel/studio/7.0/toolchain/arm/arm-gnu-toolchain/bin/../lib/gcc/arm-none-eabi/6.3.1/../../../../arm-none-eabi/lib/thumb/v6-m\libc_nano.a(lib_a-malloc.o)
                0x00005a4c                malloc
 .text.memcpy   0x00005a60       0x12 c:/program files (x86)/atmel/studio/7.0/toolchain/arm/arm-gnu-toolchain/bin/../lib/gcc/arm-none-eabi/6.3.1/../../../../arm-none-eabi/lib/thumb/v6-m\libc_nano.a(lib_a-memcpy-stub.o)
                0x00005a60                memcpy
 .text.memset   0x00005a72       0x10 c:/program files (x86)/atmel/studio/7.0/toolchain/arm/arm-gnu-toolchain/bin/../lib/gcc/arm-none-eabi/6.3.1/../../../../arm-none-eabi/lib/thumb/v6-m\libc_nano.a(lib_a-memset.o)
                0x00005a72                memset
 *fill*         0x00005a82        0x2 
 .text._malloc_r
                0x00005a84       0xbc c:/program files (x86)/atmel/studio/7.0/toolchain/arm/arm-gnu-toolchain/bin/../lib/gcc/arm-none-eabi/6.3.1/../../../../arm-none-eabi/lib/thumb/v6-m\libc_nano.a(lib_a-nano-mallocr.o)
                0x00005a84                _malloc_r
 .text._sbrk_r  0x00005b40       0x24 c:/program files (x86)/atmel/studio/7.0/toolchain/arm/arm-gnu-toolchain/bin/../lib/gcc/arm-none-eabi/6.3.1/../../../../arm-none-eabi/lib/thumb/v6-m\libc_nano.a(lib_a-sbrkr.o)
                0x00005b40                _sbrk_r
 .text.strcat   0x00005b64       0x1a c:/program files (x86)/atmel/studio/7.0/toolchain/arm/arm-gnu-toolchain/bin/../lib/gcc/arm-none-eabi/6.3.1/../../../../arm-none-eabi/lib/thumb/v6-m\libc_nano.a(lib_a-strcat.o)
                0x00005b64                strcat
 .text          0x00005b7e        0xe c:/program files (x86)/atmel/studio/7.0/toolchain/arm/arm-gnu-toolchain/bin/../lib/gcc/arm-none-eabi/6.3.1/../../../../arm-none-eabi/lib/thumb/v6-m\libc_nano.a(lib_a-strlen.o)
                0x00005b7e                strlen
 .text.strncasecmp
                0x00005b8c       0x48 c:/program files (x86)/atmel/studio/7.0/toolchain/arm/arm-gnu-toolchain/bin/../lib/gcc/arm-none-eabi/6.3.1/../../../../arm-none-eabi/lib/thumb/v6-m\libc_nano.a(lib_a-strncasecmp.o)
                0x00005b8c                strncasecmp
 .text.strrchr  0x00005bd4       0x24 c:/program files (x86)/atmel/studio/7.0/toolchain/arm/arm-gnu-toolchain/bin/../lib/gcc/arm-none-eabi/6.3.1/../../../../arm-none-eabi/lib/thumb/v6-m\libc_nano.a(lib_a-strrchr.o)
                0x00005bd4                strrchr
 .text.unlikely.sulp
                0x00005bf8       0x30 c:/program files (x86)/atmel/studio/7.0/toolchain/arm/arm-gnu-toolchain/bin/../lib/gcc/arm-none-eabi/6.3.1/../../../../arm-none-eabi/lib/thumb/v6-m\libc_nano.a(lib_a-strtod.o)
 .text._strtod_l
                0x00005c28      0xc10 c:/program files (x86)/atmel/studio/7.0/toolchain/arm/arm-gnu-toolchain/bin/../lib/gcc/arm-none-eabi/6.3.1/../../../../arm-none-eabi/lib/thumb/v6-m\libc_nano.a(lib_a-strtod.o)
                0x00005c28                _strtod_l
 .text.strtof   0x00006838       0xa0 c:/program files (x86)/atmel/studio/7.0/toolchain/arm/arm-gnu-toolchain/bin/../lib/gcc/arm-none-eabi/6.3.1/../../../../arm-none-eabi/lib/thumb/v6-m\libc_nano.a(lib_a-strtod.o)
                0x00006838                strtof
 .text._strtol_l.isra.0
                0x000068d8      0x10c c:/program files (x86)/atmel/studio/7.0/toolchain/arm/arm-gnu-toolchain/bin/../lib/gcc/arm-none-eabi/6.3.1/../../../../arm-none-eabi/lib/thumb/v6-m\libc_nano.a(lib_a-strtol.o)
 .text.strtol   0x000069e4       0x28 c:/program files (x86)/atmel/studio/7.0/toolchain/arm/arm-gnu-toolchain/bin/../lib/gcc/arm-none-eabi/6.3.1/../../../../arm-none-eabi/lib/thumb/v6-m\libc_nano.a(lib_a-strtol.o)
                0x000069e4                strtol
 .text.__utoa   0x00006a0c       0x74 c:/program files (x86)/atmel/studio/7.0/toolchain/arm/arm-gnu-toolchain/bin/../lib/gcc/arm-none-eabi/6.3.1/../../../../arm-none-eabi/lib/thumb/v6-m\libc_nano.a(lib_a-utoa.o)
                0x00006a0c                __utoa
 .text.rshift   0x00006a80       0x64 c:/program files (x86)/atmel/studio/7.0/toolchain/arm/arm-gnu-toolchain/bin/../lib/gcc/arm-none-eabi/6.3.1/../../../../arm-none-eabi/lib/thumb/v6-m\libc_nano.a(lib_a-gdtoa-gethex.o)
 .text.__hexdig_fun
                0x00006ae4       0x2a c:/program files (x86)/atmel/studio/7.0/toolchain/arm/arm-gnu-toolchain/bin/../lib/gcc/arm-none-eabi/6.3.1/../../../../arm-none-eabi/lib/thumb/v6-m\libc_nano.a(lib_a-gdtoa-gethex.o)
                0x00006ae4                __hexdig_fun
 .text.__gethex
                0x00006b0e      0x450 c:/program files (x86)/atmel/studio/7.0/toolchain/arm/arm-gnu-toolchain/bin/../lib/gcc/arm-none-eabi/6.3.1/../../../../arm-none-eabi/lib/thumb/v6-m\libc_nano.a(lib_a-gdtoa-gethex.o)
                0x00006b0e                __gethex
 .text.L_shift  0x00006f5e       0x22 c:/program files (x86)/atmel/studio/7.0/toolchain/arm/arm-gnu-toolchain/bin/../lib/gcc/arm-none-eabi/6.3.1/../../../../arm-none-eabi/lib/thumb/v6-m\libc_nano.a(lib_a-gdtoa-hexnan.o)
 .text.__match  0x00006f80       0x28 c:/program files (x86)/atmel/studio/7.0/toolchain/arm/arm-gnu-toolchain/bin/../lib/gcc/arm-none-eabi/6.3.1/../../../../arm-none-eabi/lib/thumb/v6-m\libc_nano.a(lib_a-gdtoa-hexnan.o)
                0x00006f80                __match
 .text.__hexnan
                0x00006fa8      0x12e c:/program files (x86)/atmel/studio/7.0/toolchain/arm/arm-gnu-toolchain/bin/../lib/gcc/arm-none-eabi/6.3.1/../../../../arm-none-eabi/lib/thumb/v6-m\libc_nano.a(lib_a-gdtoa-hexnan.o)
                0x00006fa8                __hexnan
 .text.__locale_ctype_ptr_l
                0x000070d6        0x6 c:/program files (x86)/atmel/studio/7.0/toolchain/arm/arm-gnu-toolchain/bin/../lib/gcc/arm-none-eabi/6.3.1/../../../../arm-none-eabi/lib/thumb/v6-m\libc_nano.a(lib_a-locale.o)
                0x000070d6                __locale_ctype_ptr_l
 .text.__locale_ctype_ptr
                0x000070dc       0x1c c:/program files (x86)/atmel/studio/7.0/toolchain/arm/arm-gnu-toolchain/bin/../lib/gcc/arm-none-eabi/6.3.1/../../../../arm-none-eabi/lib/thumb/v6-m\libc_nano.a(lib_a-locale.o)
                0x000070dc                __locale_ctype_ptr
 .text.__localeconv_l
                0x000070f8        0x4 c:/program files (x86)/atmel/studio/7.0/toolchain/arm/arm-gnu-toolchain/bin/../lib/gcc/arm-none-eabi/6.3.1/../../../../arm-none-eabi/lib/thumb/v6-m\libc_nano.a(lib_a-localeconv.o)
                0x000070f8                __localeconv_l
 .text.__ascii_mbtowc
                0x000070fc       0x24 c:/program files (x86)/atmel/studio/7.0/toolchain/arm/arm-gnu-toolchain/bin/../lib/gcc/arm-none-eabi/6.3.1/../../../../arm-none-eabi/lib/thumb/v6-m\libc_nano.a(lib_a-mbtowc_r.o)
                0x000070fc                __ascii_mbtowc
 .text.__malloc_lock
                0x00007120        0x2 c:/program files (x86)/atmel/studio/7.0/toolchain/arm/arm-gnu-toolchain/bin/../lib/gcc/arm-none-eabi/6.3.1/../../../../arm-none-eabi/lib/thumb/v6-m\libc_nano.a(lib_a-mlock.o)
                0x00007120                __malloc_lock
 .text.__malloc_unlock
                0x00007122        0x2 c:/program files (x86)/atmel/studio/7.0/toolchain/arm/arm-gnu-toolchain/bin/../lib/gcc/arm-none-eabi/6.3.1/../../../../arm-none-eabi/lib/thumb/v6-m\libc_nano.a(lib_a-mlock.o)
                0x00007122                __malloc_unlock
 .text._Balloc  0x00007124       0x70 c:/program files (x86)/atmel/studio/7.0/toolchain/arm/arm-gnu-toolchain/bin/../lib/gcc/arm-none-eabi/6.3.1/../../../../arm-none-eabi/lib/thumb/v6-m\libc_nano.a(lib_a-mprec.o)
                0x00007124                _Balloc
 .text._Bfree   0x00007194       0x32 c:/program files (x86)/atmel/studio/7.0/toolchain/arm/arm-gnu-toolchain/bin/../lib/gcc/arm-none-eabi/6.3.1/../../../../arm-none-eabi/lib/thumb/v6-m\libc_nano.a(lib_a-mprec.o)
                0x00007194                _Bfree
 .text.__multadd
                0x000071c6       0x78 c:/program files (x86)/atmel/studio/7.0/toolchain/arm/arm-gnu-toolchain/bin/../lib/gcc/arm-none-eabi/6.3.1/../../../../arm-none-eabi/lib/thumb/v6-m\libc_nano.a(lib_a-mprec.o)
                0x000071c6                __multadd
 .text.__s2b    0x0000723e       0x7e c:/program files (x86)/atmel/studio/7.0/toolchain/arm/arm-gnu-toolchain/bin/../lib/gcc/arm-none-eabi/6.3.1/../../../../arm-none-eabi/lib/thumb/v6-m\libc_nano.a(lib_a-mprec.o)
                0x0000723e                __s2b
 .text.__hi0bits
                0x000072bc       0x34 c:/program files (x86)/atmel/studio/7.0/toolchain/arm/arm-gnu-toolchain/bin/../lib/gcc/arm-none-eabi/6.3.1/../../../../arm-none-eabi/lib/thumb/v6-m\libc_nano.a(lib_a-mprec.o)
                0x000072bc                __hi0bits
 .text.__lo0bits
                0x000072f0       0x5e c:/program files (x86)/atmel/studio/7.0/toolchain/arm/arm-gnu-toolchain/bin/../lib/gcc/arm-none-eabi/6.3.1/../../../../arm-none-eabi/lib/thumb/v6-m\libc_nano.a(lib_a-mprec.o)
                0x000072f0                __lo0bits
 .text.__i2b    0x0000734e       0x12 c:/program files (x86)/atmel/studio/7.0/toolchain/arm/arm-gnu-toolchain/bin/../lib/gcc/arm-none-eabi/6.3.1/../../../../arm-none-eabi/lib/thumb/v6-m\libc_nano.a(lib_a-mprec.o)
                0x0000734e                __i2b
 .text.__multiply
                0x00007360      0x11e c:/program files (x86)/atmel/studio/7.0/toolchain/arm/arm-gnu-toolchain/bin/../lib/gcc/arm-none-eabi/6.3.1/../../../../arm-none-eabi/lib/thumb/v6-m\libc_nano.a(lib_a-mprec.o)
                0x00007360                __multiply
 *fill*         0x0000747e        0x2 
 .text.__pow5mult
                0x00007480       0xa4 c:/program files (x86)/atmel/studio/7.0/toolchain/arm/arm-gnu-toolchain/bin/../lib/gcc/arm-none-eabi/6.3.1/../../../../arm-none-eabi/lib/thumb/v6-m\libc_nano.a(lib_a-mprec.o)
                0x00007480                __pow5mult
 .text.__lshift
                0x00007524       0xa2 c:/program files (x86)/atmel/studio/7.0/toolchain/arm/arm-gnu-toolchain/bin/../lib/gcc/arm-none-eabi/6.3.1/../../../../arm-none-eabi/lib/thumb/v6-m\libc_nano.a(lib_a-mprec.o)
                0x00007524                __lshift
 .text.__mcmp   0x000075c6       0x32 c:/program files (x86)/atmel/studio/7.0/toolchain/arm/arm-gnu-toolchain/bin/../lib/gcc/arm-none-eabi/6.3.1/../../../../arm-none-eabi/lib/thumb/v6-m\libc_nano.a(lib_a-mprec.o)
                0x000075c6                __mcmp
 .text.__mdiff  0x000075f8       0xc8 c:/program files (x86)/atmel/studio/7.0/toolchain/arm/arm-gnu-toolchain/bin/../lib/gcc/arm-none-eabi/6.3.1/../../../../arm-none-eabi/lib/thumb/v6-m\libc_nano.a(lib_a-mprec.o)
                0x000075f8                __mdiff
 .text.__ulp    0x000076c0       0x4c c:/program files (x86)/atmel/studio/7.0/toolchain/arm/arm-gnu-toolchain/bin/../lib/gcc/arm-none-eabi/6.3.1/../../../../arm-none-eabi/lib/thumb/v6-m\libc_nano.a(lib_a-mprec.o)
                0x000076c0                __ulp
 .text.__b2d    0x0000770c       0x98 c:/program files (x86)/atmel/studio/7.0/toolchain/arm/arm-gnu-toolchain/bin/../lib/gcc/arm-none-eabi/6.3.1/../../../../arm-none-eabi/lib/thumb/v6-m\libc_nano.a(lib_a-mprec.o)
                0x0000770c                __b2d
 .text.__d2b    0x000077a4       0xa8 c:/program files (x86)/atmel/studio/7.0/toolchain/arm/arm-gnu-toolchain/bin/../lib/gcc/arm-none-eabi/6.3.1/../../../../arm-none-eabi/lib/thumb/v6-m\libc_nano.a(lib_a-mprec.o)
                0x000077a4                __d2b
 .text.__ratio  0x0000784c       0x4e c:/program files (x86)/atmel/studio/7.0/toolchain/arm/arm-gnu-toolchain/bin/../lib/gcc/arm-none-eabi/6.3.1/../../../../arm-none-eabi/lib/thumb/v6-m\libc_nano.a(lib_a-mprec.o)
                0x0000784c                __ratio
 .text.__copybits
                0x0000789a       0x2c c:/program files (x86)/atmel/studio/7.0/toolchain/arm/arm-gnu-toolchain/bin/../lib/gcc/arm-none-eabi/6.3.1/../../../../arm-none-eabi/lib/thumb/v6-m\libc_nano.a(lib_a-mprec.o)
                0x0000789a                __copybits
 .text.__any_on
                0x000078c6       0x44 c:/program files (x86)/atmel/studio/7.0/toolchain/arm/arm-gnu-toolchain/bin/../lib/gcc/arm-none-eabi/6.3.1/../../../../arm-none-eabi/lib/thumb/v6-m\libc_nano.a(lib_a-mprec.o)
                0x000078c6                __any_on
 .text._calloc_r
                0x0000790a       0x1c c:/program files (x86)/atmel/studio/7.0/toolchain/arm/arm-gnu-toolchain/bin/../lib/gcc/arm-none-eabi/6.3.1/../../../../arm-none-eabi/lib/thumb/v6-m\libc_nano.a(lib_a-nano-callocr.o)
                0x0000790a                _calloc_r
 *fill*         0x00007926        0x2 
 .text.nanf     0x00007928        0x8 c:/program files (x86)/atmel/studio/7.0/toolchain/arm/arm-gnu-toolchain/bin/../lib/gcc/arm-none-eabi/6.3.1/../../../../arm-none-eabi/lib/thumb/v6-m\libc_nano.a(lib_a-sf_nan.o)
                0x00007928                nanf
 .text.strchr   0x00007930       0x1c c:/program files (x86)/atmel/studio/7.0/toolchain/arm/arm-gnu-toolchain/bin/../lib/gcc/arm-none-eabi/6.3.1/../../../../arm-none-eabi/lib/thumb/v6-m\libc_nano.a(lib_a-strchr.o)
                0x00007930                strchr
 .text.strncmp  0x0000794c       0x22 c:/program files (x86)/atmel/studio/7.0/toolchain/arm/arm-gnu-toolchain/bin/../lib/gcc/arm-none-eabi/6.3.1/../../../../arm-none-eabi/lib/thumb/v6-m\libc_nano.a(lib_a-strncmp.o)
                0x0000794c                strncmp
 .text.__ascii_wctomb
                0x0000796e       0x18 c:/program files (x86)/atmel/studio/7.0/toolchain/arm/arm-gnu-toolchain/bin/../lib/gcc/arm-none-eabi/6.3.1/../../../../arm-none-eabi/lib/thumb/v6-m\libc_nano.a(lib_a-wctomb_r.o)
                0x0000796e                __ascii_wctomb
 *fill*         0x00007986        0x2 
 .text          0x00007988       0x14 c:/program files (x86)/atmel/studio/7.0/toolchain/arm/arm-gnu-toolchain/bin/../lib/gcc/arm-none-eabi/6.3.1/thumb/v6-m\libgcc.a(_thumb1_case_uqi.o)
                0x00007988                __gnu_thumb1_case_uqi
 .text          0x0000799c       0x74 c:/program files (x86)/atmel/studio/7.0/toolchain/arm/arm-gnu-toolchain/bin/../lib/gcc/arm-none-eabi/6.3.1/thumb/v6-m\libgcc.a(_arm_cmpsf2.o)
                0x0000799c                __aeabi_cfrcmple
                0x000079a4                __aeabi_cfcmpeq
                0x000079a4                __aeabi_cfcmple
                0x000079b4                __aeabi_fcmpeq
                0x000079c0                __aeabi_fcmplt
                0x000079d4                __aeabi_fcmple
                0x000079e8                __aeabi_fcmpgt
                0x000079fc                __aeabi_fcmpge
 .text          0x00007a10       0x4c c:/program files (x86)/atmel/studio/7.0/toolchain/arm/arm-gnu-toolchain/bin/../lib/gcc/arm-none-eabi/6.3.1/thumb/v6-m\libgcc.a(eqsf2.o)
                0x00007a10                __eqsf2
                0x00007a10                __nesf2
 .text          0x00007a5c       0x80 c:/program files (x86)/atmel/studio/7.0/toolchain/arm/arm-gnu-toolchain/bin/../lib/gcc/arm-none-eabi/6.3.1/thumb/v6-m\libgcc.a(gesf2.o)
                0x00007a5c                __gesf2
                0x00007a5c                __gtsf2
 .text          0x00007adc       0x84 c:/program files (x86)/atmel/studio/7.0/toolchain/arm/arm-gnu-toolchain/bin/../lib/gcc/arm-none-eabi/6.3.1/thumb/v6-m\libgcc.a(lesf2.o)
                0x00007adc                __ltsf2
                0x00007adc                __lesf2
 .text          0x00007b60       0x30 c:/program files (x86)/atmel/studio/7.0/toolchain/arm/arm-gnu-toolchain/bin/../lib/gcc/arm-none-eabi/6.3.1/thumb/v6-m\libgcc.a(unordsf2.o)
                0x00007b60                __aeabi_fcmpun
 .text          0x00007b90       0x40 c:/program files (x86)/atmel/studio/7.0/toolchain/arm/arm-gnu-toolchain/bin/../lib/gcc/arm-none-eabi/6.3.1/thumb/v6-m\libgcc.a(unorddf2.o)
                0x00007b90                __aeabi_dcmpun
 .text          0x00007bd0       0x70 c:/program files (x86)/atmel/studio/7.0/toolchain/arm/arm-gnu-toolchain/bin/../lib/gcc/arm-none-eabi/6.3.1/thumb/v6-m\libgcc.a(floatunsidf.o)
                0x00007bd0                __aeabi_ui2d
 *(.glue_7t)
 .glue_7t       0x00007c40        0x0 linker stubs
 *(.glue_7)
 .glue_7        0x00007c40        0x0 linker stubs
 *(.rodata .rodata* .gnu.linkonce.r.*)
 .rodata        0x00007c40       0x18 tinyusb/hw/usbtmc_app.o
 .rodata.str1.4
                0x00007c58       0x9a tinyusb/hw/usbtmc_app.o
 *fill*         0x00007cf2        0x2 
 .rodata        0x00007cf4       0x3e tinyusb/hw/usb_descriptors.o
                0x00007cf4                desc_device
                0x00007d08                desc_fs_configuration
 *fill*         0x00007d32        0x2 
 .rodata.str1.4
                0x00007d34       0x2c tinyusb/hw/usb_descriptors.o
 .rodata        0x00007d60       0xa4 tinyusb/src/device/usbd.o
 .rodata        0x00007e04       0x40 c:/program files (x86)/atmel/studio/7.0/toolchain/arm/arm-gnu-toolchain/bin/../lib/gcc/arm-none-eabi/6.3.1/thumb/v6-m\libgcc.a(mulsf3.o)
 .rodata        0x00007e44       0x40 c:/program files (x86)/atmel/studio/7.0/toolchain/arm/arm-gnu-toolchain/bin/../lib/gcc/arm-none-eabi/6.3.1/thumb/v6-m\libgcc.a(divdf3.o)
 .rodata        0x00007e84       0x40 c:/program files (x86)/atmel/studio/7.0/toolchain/arm/arm-gnu-toolchain/bin/../lib/gcc/arm-none-eabi/6.3.1/thumb/v6-m\libgcc.a(muldf3.o)
 .rodata._strtod_l.str1.1
                0x00007ec4        0xc c:/program files (x86)/atmel/studio/7.0/toolchain/arm/arm-gnu-toolchain/bin/../lib/gcc/arm-none-eabi/6.3.1/../../../../arm-none-eabi/lib/thumb/v6-m\libc_nano.a(lib_a-strtod.o)
 .rodata.fpi.6129
                0x00007ed0       0x14 c:/program files (x86)/atmel/studio/7.0/toolchain/arm/arm-gnu-toolchain/bin/../lib/gcc/arm-none-eabi/6.3.1/../../../../arm-none-eabi/lib/thumb/v6-m\libc_nano.a(lib_a-strtod.o)
 .rodata.fpinan.6165
                0x00007ee4       0x14 c:/program files (x86)/atmel/studio/7.0/toolchain/arm/arm-gnu-toolchain/bin/../lib/gcc/arm-none-eabi/6.3.1/../../../../arm-none-eabi/lib/thumb/v6-m\libc_nano.a(lib_a-strtod.o)
 .rodata.tinytens
                0x00007ef8       0x28 c:/program files (x86)/atmel/studio/7.0/toolchain/arm/arm-gnu-toolchain/bin/../lib/gcc/arm-none-eabi/6.3.1/../../../../arm-none-eabi/lib/thumb/v6-m\libc_nano.a(lib_a-strtod.o)
 .rodata.__utoa.str1.1
                0x00007f20       0x25 c:/program files (x86)/atmel/studio/7.0/toolchain/arm/arm-gnu-toolchain/bin/../lib/gcc/arm-none-eabi/6.3.1/../../../../arm-none-eabi/lib/thumb/v6-m\libc_nano.a(lib_a-utoa.o)
 *fill*         0x00007f45        0x3 
 .rodata.__sf_fake_stderr
                0x00007f48       0x20 c:/program files (x86)/atmel/studio/7.0/toolchain/arm/arm-gnu-toolchain/bin/../lib/gcc/arm-none-eabi/6.3.1/../../../../arm-none-eabi/lib/thumb/v6-m\libc_nano.a(lib_a-findfp.o)
                0x00007f48                __sf_fake_stderr
 .rodata.__sf_fake_stdin
                0x00007f68       0x20 c:/program files (x86)/atmel/studio/7.0/toolchain/arm/arm-gnu-toolchain/bin/../lib/gcc/arm-none-eabi/6.3.1/../../../../arm-none-eabi/lib/thumb/v6-m\libc_nano.a(lib_a-findfp.o)
                0x00007f68                __sf_fake_stdin
 .rodata.__sf_fake_stdout
                0x00007f88       0x20 c:/program files (x86)/atmel/studio/7.0/toolchain/arm/arm-gnu-toolchain/bin/../lib/gcc/arm-none-eabi/6.3.1/../../../../arm-none-eabi/lib/thumb/v6-m\libc_nano.a(lib_a-findfp.o)
                0x00007f88                __sf_fake_stdout
 .rodata._setlocale_r.str1.1
                0x00007fa8        0x8 c:/program files (x86)/atmel/studio/7.0/toolchain/arm/arm-gnu-toolchain/bin/../lib/gcc/arm-none-eabi/6.3.1/../../../../arm-none-eabi/lib/thumb/v6-m\libc_nano.a(lib_a-locale.o)
                                  0x9 (size before relaxing)
 .rodata.str1.1
                0x00007fb0        0x2 c:/program files (x86)/atmel/studio/7.0/toolchain/arm/arm-gnu-toolchain/bin/../lib/gcc/arm-none-eabi/6.3.1/../../../../arm-none-eabi/lib/thumb/v6-m\libc_nano.a(lib_a-locale.o)
 *fill*         0x00007fb2        0x6 
 .rodata.__mprec_bigtens
                0x00007fb8       0x28 c:/program files (x86)/atmel/studio/7.0/toolchain/arm/arm-gnu-toolchain/bin/../lib/gcc/arm-none-eabi/6.3.1/../../../../arm-none-eabi/lib/thumb/v6-m\libc_nano.a(lib_a-mprec.o)
                0x00007fb8                __mprec_bigtens
 .rodata.__mprec_tens
                0x00007fe0       0xc8 c:/program files (x86)/atmel/studio/7.0/toolchain/arm/arm-gnu-toolchain/bin/../lib/gcc/arm-none-eabi/6.3.1/../../../../arm-none-eabi/lib/thumb/v6-m\libc_nano.a(lib_a-mprec.o)
                0x00007fe0                __mprec_tens
 .rodata.p05.6047
                0x000080a8        0xc c:/program files (x86)/atmel/studio/7.0/toolchain/arm/arm-gnu-toolchain/bin/../lib/gcc/arm-none-eabi/6.3.1/../../../../arm-none-eabi/lib/thumb/v6-m\libc_nano.a(lib_a-mprec.o)
 .rodata._ctype_
                0x000080b4      0x101 c:/program files (x86)/atmel/studio/7.0/toolchain/arm/arm-gnu-toolchain/bin/../lib/gcc/arm-none-eabi/6.3.1/../../../../arm-none-eabi/lib/thumb/v6-m\libc_nano.a(lib_a-ctype_.o)
                0x000080b4                _ctype_
 *(.ARM.extab* .gnu.linkonce.armextab.*)
                0x000081b8                . = ALIGN (0x4)
 *fill*         0x000081b5        0x3 
 *(.init)
 .init          0x000081b8        0x4 c:/program files (x86)/atmel/studio/7.0/toolchain/arm/arm-gnu-toolchain/bin/../lib/gcc/arm-none-eabi/6.3.1/thumb/v6-m/crti.o
                0x000081b8                _init
 .init          0x000081bc        0x8 c:/program files (x86)/atmel/studio/7.0/toolchain/arm/arm-gnu-toolchain/bin/../lib/gcc/arm-none-eabi/6.3.1/thumb/v6-m/crtn.o
                0x000081c4                . = ALIGN (0x4)
                0x000081c4                __preinit_array_start = .
 *(.preinit_array)
                0x000081c4                __preinit_array_end = .
                0x000081c4                . = ALIGN (0x4)
                0x000081c4                __init_array_start = .
 *(SORT(.init_array.*))
 *(.init_array)
 .init_array    0x000081c4        0x4 c:/program files (x86)/atmel/studio/7.0/toolchain/arm/arm-gnu-toolchain/bin/../lib/gcc/arm-none-eabi/6.3.1/thumb/v6-m/crtbegin.o
                0x000081c8                __init_array_end = .
                0x000081c8                . = ALIGN (0x4)
 *crtbegin.o(.ctors)
 *(EXCLUDE_FILE(*crtend.o) .ctors)
 *(SORT(.ctors.*))
 *crtend.o(.ctors)
                0x000081c8                . = ALIGN (0x4)
 *(.fini)
 .fini          0x000081c8        0x4 c:/program files (x86)/atmel/studio/7.0/toolchain/arm/arm-gnu-toolchain/bin/../lib/gcc/arm-none-eabi/6.3.1/thumb/v6-m/crti.o
                0x000081c8                _fini
 .fini          0x000081cc        0x8 c:/program files (x86)/atmel/studio/7.0/toolchain/arm/arm-gnu-toolchain/bin/../lib/gcc/arm-none-eabi/6.3.1/thumb/v6-m/crtn.o
                0x000081d4                . = ALIGN (0x4)
                0x000081d4                __fini_array_start = .
 *(.fini_array)
 .fini_array    0x000081d4        0x4 c:/program files (x86)/atmel/studio/7.0/toolchain/arm/arm-gnu-toolchain/bin/../lib/gcc/arm-none-eabi/6.3.1/thumb/v6-m/crtbegin.o
 *(SORT(.fini_array.*))
                0x000081d8                __fini_array_end = .
 *crtbegin.o(.dtors)
 *(EXCLUDE_FILE(*crtend.o) .dtors)
 *(SORT(.dtors.*))
 *crtend.o(.dtors)
                0x000081d8                . = ALIGN (0x4)
                0x000081d8                _efixed = .
                [!provide]                PROVIDE (__exidx_start, .)

.vfp11_veneer   0x000081d8        0x0
 .vfp11_veneer  0x000081d8        0x0 linker stubs

.v4_bx          0x000081d8        0x0
 .v4_bx         0x000081d8        0x0 linker stubs

.iplt           0x000081d8        0x0
 .iplt          0x000081d8        0x0 c:/program files (x86)/atmel/studio/7.0/toolchain/arm/arm-gnu-toolchain/bin/../lib/gcc/arm-none-eabi/6.3.1/thumb/v6-m/crtbegin.o

.eh_frame       0x000081d8        0x0
 .eh_frame      0x000081d8        0x0 c:/program files (x86)/atmel/studio/7.0/toolchain/arm/arm-gnu-toolchain/bin/../lib/gcc/arm-none-eabi/6.3.1/thumb/v6-m/crtbegin.o

.rel.dyn        0x000081d8        0x0
 .rel.iplt      0x000081d8        0x0 c:/program files (x86)/atmel/studio/7.0/toolchain/arm/arm-gnu-toolchain/bin/../lib/gcc/arm-none-eabi/6.3.1/thumb/v6-m/crtbegin.o

.jcr            0x000081d8        0x0
 .jcr           0x000081d8        0x0 c:/program files (x86)/atmel/studio/7.0/toolchain/arm/arm-gnu-toolchain/bin/../lib/gcc/arm-none-eabi/6.3.1/thumb/v6-m/crtbegin.o

.igot.plt       0x000081d8        0x0
 .igot.plt      0x000081d8        0x0 c:/program files (x86)/atmel/studio/7.0/toolchain/arm/arm-gnu-toolchain/bin/../lib/gcc/arm-none-eabi/6.3.1/thumb/v6-m/crtbegin.o

.ARM.exidx
 *(.ARM.exidx* .gnu.linkonce.armexidx.*)
                [!provide]                PROVIDE (__exidx_end, .)
                0x000081d8                . = ALIGN (0x4)
                0x000081d8                _etext = .

.relocate       0x20000000      0x2b0 load address 0x000081d8
                0x20000000                . = ALIGN (0x4)
                0x20000000                _srelocate = .
 *(.ramfunc .ramfunc.*)
 *(.data .data.*)
 .data          0x20000000        0x4 Device_Startup/system_samd21.o
                0x20000000                SystemCoreClock
 .data          0x20000004        0x4 led_switcher_main.o
 .data          0x20000008        0x4 tinyusb/hw/usbtmc_app.o
 .data          0x2000000c       0x14 tinyusb/hw/usb_descriptors.o
                0x2000000c                string_desc_arr
 .data          0x20000020       0xa4 tinyusb/src/class/usbtmc/usbtmc_device.o
 .data          0x200000c4       0x1c tinyusb/src/device/usbd.o
                0x200000c8                _usbd_qdef
 .data._impure_ptr
                0x200000e0        0x4 c:/program files (x86)/atmel/studio/7.0/toolchain/arm/arm-gnu-toolchain/bin/../lib/gcc/arm-none-eabi/6.3.1/../../../../arm-none-eabi/lib/thumb/v6-m\libc_nano.a(lib_a-impure.o)
                0x200000e0                _impure_ptr
 .data.impure_data
                0x200000e4       0x60 c:/program files (x86)/atmel/studio/7.0/toolchain/arm/arm-gnu-toolchain/bin/../lib/gcc/arm-none-eabi/6.3.1/../../../../arm-none-eabi/lib/thumb/v6-m\libc_nano.a(lib_a-impure.o)
 .data.__global_locale
                0x20000144      0x16c c:/program files (x86)/atmel/studio/7.0/toolchain/arm/arm-gnu-toolchain/bin/../lib/gcc/arm-none-eabi/6.3.1/../../../../arm-none-eabi/lib/thumb/v6-m\libc_nano.a(lib_a-locale.o)
                0x20000144                __global_locale
                0x200002b0                . = ALIGN (0x4)
                0x200002b0                _erelocate = .

.bss            0x200002b0      0x414 load address 0x00008488
                0x200002b0                . = ALIGN (0x4)
                0x200002b0                _sbss = .
                0x200002b0                _szero = .
 *(.bss .bss.*)
 .bss           0x200002b0       0x1c c:/program files (x86)/atmel/studio/7.0/toolchain/arm/arm-gnu-toolchain/bin/../lib/gcc/arm-none-eabi/6.3.1/thumb/v6-m/crtbegin.o
 .bss           0x200002cc        0x4 hal/utils/src/utils_syscalls.o
 .bss           0x200002d0        0x4 hpl/tc/hpl_tc.o
 .bss           0x200002d4        0x8 led_switcher_main.o
                0x200002d4                doPulse
 .bss           0x200002dc        0x4 tinyusb/hw/bsp/samd21/family.o
                0x200002dc                system_ticks
 .bss           0x200002e0      0x108 tinyusb/hw/usbtmc_app.o
 .bss           0x200003e8       0x40 tinyusb/hw/usb_descriptors.o
 .bss           0x20000428        0x6 tinyusb/src/class/usbtmc/usbtmc_device.o
 *fill*         0x2000042e        0x2 
 .bss           0x20000430       0x40 tinyusb/src/device/usbd.o
 .bss           0x20000470       0x54 tinyusb/src/device/usbd_control.o
 .bss           0x200004c4      0x10a tinyusb/src/portable/dcd_samd.o
 *fill*         0x200005ce        0x2 
 .bss.__malloc_free_list
                0x200005d0        0x4 c:/program files (x86)/atmel/studio/7.0/toolchain/arm/arm-gnu-toolchain/bin/../lib/gcc/arm-none-eabi/6.3.1/../../../../arm-none-eabi/lib/thumb/v6-m\libc_nano.a(lib_a-nano-mallocr.o)
                0x200005d0                __malloc_free_list
 .bss.__malloc_sbrk_start
                0x200005d4        0x4 c:/program files (x86)/atmel/studio/7.0/toolchain/arm/arm-gnu-toolchain/bin/../lib/gcc/arm-none-eabi/6.3.1/../../../../arm-none-eabi/lib/thumb/v6-m\libc_nano.a(lib_a-nano-mallocr.o)
                0x200005d4                __malloc_sbrk_start
 *(COMMON)
 COMMON         0x200005d8       0x21 tinyusb/hw/usbtmc_app.o
                0x200005d8                gpio_lev_str
                0x200005dc                dac_voltage_str
                0x200005e8                adc_voltage_str
                0x200005f4                gpio_dir_str
 *fill*         0x200005f9        0x3 
 COMMON         0x200005fc        0x2 tinyusb/src/class/usbtmc/usbtmc_device.o
                0x200005fc                usbtmcLockBuffer
 *fill*         0x200005fe        0x2 
 COMMON         0x20000600       0xc0 tinyusb/src/device/usbd.o
                0x20000600                _usbd_qdef_buf
 COMMON         0x200006c0        0x4 c:/program files (x86)/atmel/studio/7.0/toolchain/arm/arm-gnu-toolchain/bin/../lib/gcc/arm-none-eabi/6.3.1/../../../../arm-none-eabi/lib/thumb/v6-m\libc_nano.a(lib_a-reent.o)
                0x200006c0                errno
                0x200006c4                . = ALIGN (0x4)
                0x200006c4                _ebss = .
                0x200006c4                _ezero = .

.stack          0x200006c4     0x2004 load address 0x0000889c
                0x200006c8                . = ALIGN (0x8)
 *fill*         0x200006c4        0x4 
                0x200006c8                _sstack = .
                0x200026c8                . = (. + STACK_SIZE)
 *fill*         0x200006c8     0x2000 
                0x200026c8                . = ALIGN (0x8)
                0x200026c8                _estack = .
                0x200026c8                . = ALIGN (0x4)
                0x200026c8                _end = .
OUTPUT(USBTMC_TinyUSB.elf elf32-littlearm)

.ARM.attributes
                0x00000000       0x28
 .ARM.attributes
                0x00000000       0x1e c:/program files (x86)/atmel/studio/7.0/toolchain/arm/arm-gnu-toolchain/bin/../lib/gcc/arm-none-eabi/6.3.1/thumb/v6-m/crti.o
 .ARM.attributes
                0x0000001e       0x2c c:/program files (x86)/atmel/studio/7.0/toolchain/arm/arm-gnu-toolchain/bin/../lib/gcc/arm-none-eabi/6.3.1/thumb/v6-m/crtbegin.o
 .ARM.attributes
                0x0000004a       0x32 Device_Startup/startup_samd21.o
 .ARM.attributes
                0x0000007c       0x32 Device_Startup/system_samd21.o
 .ARM.attributes
                0x000000ae       0x32 hal/utils/src/utils_syscalls.o
 .ARM.attributes
                0x000000e0       0x32 hpl/tc/hpl_tc.o
 .ARM.attributes
                0x00000112       0x32 led_switcher_main.o
 .ARM.attributes
                0x00000144       0x32 tinyusb/hw/bsp/samd21/Clock_Init.o
 .ARM.attributes
                0x00000176       0x32 tinyusb/hw/bsp/samd21/family.o
 .ARM.attributes
                0x000001a8       0x32 tinyusb/hw/usbtmc_app.o
 .ARM.attributes
                0x000001da       0x32 tinyusb/hw/usb_descriptors.o
 .ARM.attributes
                0x0000020c       0x32 tinyusb/src/class/usbtmc/usbtmc_device.o
 .ARM.attributes
                0x0000023e       0x32 tinyusb/src/common/tusb_fifo.o
 .ARM.attributes
                0x00000270       0x32 tinyusb/src/device/usbd.o
 .ARM.attributes
                0x000002a2       0x32 tinyusb/src/device/usbd_control.o
 .ARM.attributes
                0x000002d4       0x32 tinyusb/src/portable/dcd_samd.o
 .ARM.attributes
                0x00000306       0x32 tinyusb/src/tusb.o
 .ARM.attributes
                0x00000338       0x1e c:/program files (x86)/atmel/studio/7.0/toolchain/arm/arm-gnu-toolchain/bin/../lib/gcc/arm-none-eabi/6.3.1/thumb/v6-m\libgcc.a(_udivsi3.o)
 .ARM.attributes
                0x00000356       0x1e c:/program files (x86)/atmel/studio/7.0/toolchain/arm/arm-gnu-toolchain/bin/../lib/gcc/arm-none-eabi/6.3.1/thumb/v6-m\libgcc.a(_divsi3.o)
 .ARM.attributes
                0x00000374       0x1e c:/program files (x86)/atmel/studio/7.0/toolchain/arm/arm-gnu-toolchain/bin/../lib/gcc/arm-none-eabi/6.3.1/thumb/v6-m\libgcc.a(_dvmd_tls.o)
 .ARM.attributes
                0x00000392       0x2c c:/program files (x86)/atmel/studio/7.0/toolchain/arm/arm-gnu-toolchain/bin/../lib/gcc/arm-none-eabi/6.3.1/thumb/v6-m\libgcc.a(_fixunsdfsi.o)
 .ARM.attributes
                0x000003be       0x2c c:/program files (x86)/atmel/studio/7.0/toolchain/arm/arm-gnu-toolchain/bin/../lib/gcc/arm-none-eabi/6.3.1/thumb/v6-m\libgcc.a(mulsf3.o)
 .ARM.attributes
                0x000003ea       0x2c c:/program files (x86)/atmel/studio/7.0/toolchain/arm/arm-gnu-toolchain/bin/../lib/gcc/arm-none-eabi/6.3.1/thumb/v6-m\libgcc.a(subsf3.o)
 .ARM.attributes
                0x00000416       0x2c c:/program files (x86)/atmel/studio/7.0/toolchain/arm/arm-gnu-toolchain/bin/../lib/gcc/arm-none-eabi/6.3.1/thumb/v6-m\libgcc.a(fixsfsi.o)
 .ARM.attributes
                0x00000442       0x2c c:/program files (x86)/atmel/studio/7.0/toolchain/arm/arm-gnu-toolchain/bin/../lib/gcc/arm-none-eabi/6.3.1/thumb/v6-m\libgcc.a(floatsisf.o)
 .ARM.attributes
                0x0000046e       0x2c c:/program files (x86)/atmel/studio/7.0/toolchain/arm/arm-gnu-toolchain/bin/../lib/gcc/arm-none-eabi/6.3.1/thumb/v6-m\libgcc.a(floatunsisf.o)
 .ARM.attributes
                0x0000049a       0x2c c:/program files (x86)/atmel/studio/7.0/toolchain/arm/arm-gnu-toolchain/bin/../lib/gcc/arm-none-eabi/6.3.1/thumb/v6-m\libgcc.a(adddf3.o)
 .ARM.attributes
                0x000004c6       0x2c c:/program files (x86)/atmel/studio/7.0/toolchain/arm/arm-gnu-toolchain/bin/../lib/gcc/arm-none-eabi/6.3.1/thumb/v6-m\libgcc.a(divdf3.o)
 .ARM.attributes
                0x000004f2       0x2c c:/program files (x86)/atmel/studio/7.0/toolchain/arm/arm-gnu-toolchain/bin/../lib/gcc/arm-none-eabi/6.3.1/thumb/v6-m\libgcc.a(muldf3.o)
 .ARM.attributes
                0x0000051e       0x2c c:/program files (x86)/atmel/studio/7.0/toolchain/arm/arm-gnu-toolchain/bin/../lib/gcc/arm-none-eabi/6.3.1/thumb/v6-m\libgcc.a(subdf3.o)
 .ARM.attributes
                0x0000054a       0x2c c:/program files (x86)/atmel/studio/7.0/toolchain/arm/arm-gnu-toolchain/bin/../lib/gcc/arm-none-eabi/6.3.1/thumb/v6-m\libgcc.a(fixdfsi.o)
 .ARM.attributes
                0x00000576       0x2c c:/program files (x86)/atmel/studio/7.0/toolchain/arm/arm-gnu-toolchain/bin/../lib/gcc/arm-none-eabi/6.3.1/thumb/v6-m\libgcc.a(floatsidf.o)
 .ARM.attributes
                0x000005a2       0x2c c:/program files (x86)/atmel/studio/7.0/toolchain/arm/arm-gnu-toolchain/bin/../lib/gcc/arm-none-eabi/6.3.1/thumb/v6-m\libgcc.a(extendsfdf2.o)
 .ARM.attributes
                0x000005ce       0x2c c:/program files (x86)/atmel/studio/7.0/toolchain/arm/arm-gnu-toolchain/bin/../lib/gcc/arm-none-eabi/6.3.1/thumb/v6-m\libgcc.a(truncdfsf2.o)
 .ARM.attributes
                0x000005fa       0x1e c:/program files (x86)/atmel/studio/7.0/toolchain/arm/arm-gnu-toolchain/bin/../lib/gcc/arm-none-eabi/6.3.1/thumb/v6-m\libgcc.a(_arm_cmpdf2.o)
 .ARM.attributes
                0x00000618       0x1e c:/program files (x86)/atmel/studio/7.0/toolchain/arm/arm-gnu-toolchain/bin/../lib/gcc/arm-none-eabi/6.3.1/thumb/v6-m\libgcc.a(_clzsi2.o)
 .ARM.attributes
                0x00000636       0x2c c:/program files (x86)/atmel/studio/7.0/toolchain/arm/arm-gnu-toolchain/bin/../lib/gcc/arm-none-eabi/6.3.1/thumb/v6-m\libgcc.a(eqdf2.o)
 .ARM.attributes
                0x00000662       0x2c c:/program files (x86)/atmel/studio/7.0/toolchain/arm/arm-gnu-toolchain/bin/../lib/gcc/arm-none-eabi/6.3.1/thumb/v6-m\libgcc.a(gedf2.o)
 .ARM.attributes
                0x0000068e       0x2c c:/program files (x86)/atmel/studio/7.0/toolchain/arm/arm-gnu-toolchain/bin/../lib/gcc/arm-none-eabi/6.3.1/thumb/v6-m\libgcc.a(ledf2.o)
 .ARM.attributes
                0x000006ba       0x2c c:/program files (x86)/atmel/studio/7.0/toolchain/arm/arm-gnu-toolchain/bin/../lib/gcc/arm-none-eabi/6.3.1/../../../../arm-none-eabi/lib/thumb/v6-m\libc_nano.a(lib_a-atoi.o)
 .ARM.attributes
                0x000006e6       0x2c c:/program files (x86)/atmel/studio/7.0/toolchain/arm/arm-gnu-toolchain/bin/../lib/gcc/arm-none-eabi/6.3.1/../../../../arm-none-eabi/lib/thumb/v6-m\libc_nano.a(lib_a-impure.o)
 .ARM.attributes
                0x00000712       0x2c c:/program files (x86)/atmel/studio/7.0/toolchain/arm/arm-gnu-toolchain/bin/../lib/gcc/arm-none-eabi/6.3.1/../../../../arm-none-eabi/lib/thumb/v6-m\libc_nano.a(lib_a-init.o)
 .ARM.attributes
                0x0000073e       0x2c c:/program files (x86)/atmel/studio/7.0/toolchain/arm/arm-gnu-toolchain/bin/../lib/gcc/arm-none-eabi/6.3.1/../../../../arm-none-eabi/lib/thumb/v6-m\libc_nano.a(lib_a-itoa.o)
 .ARM.attributes
                0x0000076a       0x2c c:/program files (x86)/atmel/studio/7.0/toolchain/arm/arm-gnu-toolchain/bin/../lib/gcc/arm-none-eabi/6.3.1/../../../../arm-none-eabi/lib/thumb/v6-m\libc_nano.a(lib_a-malloc.o)
 .ARM.attributes
                0x00000796       0x2c c:/program files (x86)/atmel/studio/7.0/toolchain/arm/arm-gnu-toolchain/bin/../lib/gcc/arm-none-eabi/6.3.1/../../../../arm-none-eabi/lib/thumb/v6-m\libc_nano.a(lib_a-memcpy-stub.o)
 .ARM.attributes
                0x000007c2       0x2c c:/program files (x86)/atmel/studio/7.0/toolchain/arm/arm-gnu-toolchain/bin/../lib/gcc/arm-none-eabi/6.3.1/../../../../arm-none-eabi/lib/thumb/v6-m\libc_nano.a(lib_a-memset.o)
 .ARM.attributes
                0x000007ee       0x2c c:/program files (x86)/atmel/studio/7.0/toolchain/arm/arm-gnu-toolchain/bin/../lib/gcc/arm-none-eabi/6.3.1/../../../../arm-none-eabi/lib/thumb/v6-m\libc_nano.a(lib_a-nano-mallocr.o)
 .ARM.attributes
                0x0000081a       0x2c c:/program files (x86)/atmel/studio/7.0/toolchain/arm/arm-gnu-toolchain/bin/../lib/gcc/arm-none-eabi/6.3.1/../../../../arm-none-eabi/lib/thumb/v6-m\libc_nano.a(lib_a-sbrkr.o)
 .ARM.attributes
                0x00000846       0x2c c:/program files (x86)/atmel/studio/7.0/toolchain/arm/arm-gnu-toolchain/bin/../lib/gcc/arm-none-eabi/6.3.1/../../../../arm-none-eabi/lib/thumb/v6-m\libc_nano.a(lib_a-strcat.o)
 .ARM.attributes
                0x00000872       0x1c c:/program files (x86)/atmel/studio/7.0/toolchain/arm/arm-gnu-toolchain/bin/../lib/gcc/arm-none-eabi/6.3.1/../../../../arm-none-eabi/lib/thumb/v6-m\libc_nano.a(lib_a-strlen.o)
 .ARM.attributes
                0x0000088e       0x2c c:/program files (x86)/atmel/studio/7.0/toolchain/arm/arm-gnu-toolchain/bin/../lib/gcc/arm-none-eabi/6.3.1/../../../../arm-none-eabi/lib/thumb/v6-m\libc_nano.a(lib_a-strncasecmp.o)
 .ARM.attributes
                0x000008ba       0x2c c:/program files (x86)/atmel/studio/7.0/toolchain/arm/arm-gnu-toolchain/bin/../lib/gcc/arm-none-eabi/6.3.1/../../../../arm-none-eabi/lib/thumb/v6-m\libc_nano.a(lib_a-strrchr.o)
 .ARM.attributes
                0x000008e6       0x2c c:/program files (x86)/atmel/studio/7.0/toolchain/arm/arm-gnu-toolchain/bin/../lib/gcc/arm-none-eabi/6.3.1/../../../../arm-none-eabi/lib/thumb/v6-m\libc_nano.a(lib_a-strtod.o)
 .ARM.attributes
                0x00000912       0x2c c:/program files (x86)/atmel/studio/7.0/toolchain/arm/arm-gnu-toolchain/bin/../lib/gcc/arm-none-eabi/6.3.1/../../../../arm-none-eabi/lib/thumb/v6-m\libc_nano.a(lib_a-strtol.o)
 .ARM.attributes
                0x0000093e       0x2c c:/program files (x86)/atmel/studio/7.0/toolchain/arm/arm-gnu-toolchain/bin/../lib/gcc/arm-none-eabi/6.3.1/../../../../arm-none-eabi/lib/thumb/v6-m\libc_nano.a(lib_a-utoa.o)
 .ARM.attributes
                0x0000096a       0x2c c:/program files (x86)/atmel/studio/7.0/toolchain/arm/arm-gnu-toolchain/bin/../lib/gcc/arm-none-eabi/6.3.1/../../../../arm-none-eabi/lib/thumb/v6-m\libc_nano.a(lib_a-findfp.o)
 .ARM.attributes
                0x00000996       0x2c c:/program files (x86)/atmel/studio/7.0/toolchain/arm/arm-gnu-toolchain/bin/../lib/gcc/arm-none-eabi/6.3.1/../../../../arm-none-eabi/lib/thumb/v6-m\libc_nano.a(lib_a-gdtoa-gethex.o)
 .ARM.attributes
                0x000009c2       0x2c c:/program files (x86)/atmel/studio/7.0/toolchain/arm/arm-gnu-toolchain/bin/../lib/gcc/arm-none-eabi/6.3.1/../../../../arm-none-eabi/lib/thumb/v6-m\libc_nano.a(lib_a-gdtoa-hexnan.o)
 .ARM.attributes
                0x000009ee       0x2c c:/program files (x86)/atmel/studio/7.0/toolchain/arm/arm-gnu-toolchain/bin/../lib/gcc/arm-none-eabi/6.3.1/../../../../arm-none-eabi/lib/thumb/v6-m\libc_nano.a(lib_a-locale.o)
 .ARM.attributes
                0x00000a1a       0x2c c:/program files (x86)/atmel/studio/7.0/toolchain/arm/arm-gnu-toolchain/bin/../lib/gcc/arm-none-eabi/6.3.1/../../../../arm-none-eabi/lib/thumb/v6-m\libc_nano.a(lib_a-localeconv.o)
 .ARM.attributes
                0x00000a46       0x2c c:/program files (x86)/atmel/studio/7.0/toolchain/arm/arm-gnu-toolchain/bin/../lib/gcc/arm-none-eabi/6.3.1/../../../../arm-none-eabi/lib/thumb/v6-m\libc_nano.a(lib_a-mbtowc_r.o)
 .ARM.attributes
                0x00000a72       0x2c c:/program files (x86)/atmel/studio/7.0/toolchain/arm/arm-gnu-toolchain/bin/../lib/gcc/arm-none-eabi/6.3.1/../../../../arm-none-eabi/lib/thumb/v6-m\libc_nano.a(lib_a-mlock.o)
 .ARM.attributes
                0x00000a9e       0x2c c:/program files (x86)/atmel/studio/7.0/toolchain/arm/arm-gnu-toolchain/bin/../lib/gcc/arm-none-eabi/6.3.1/../../../../arm-none-eabi/lib/thumb/v6-m\libc_nano.a(lib_a-mprec.o)
 .ARM.attributes
                0x00000aca       0x2c c:/program files (x86)/atmel/studio/7.0/toolchain/arm/arm-gnu-toolchain/bin/../lib/gcc/arm-none-eabi/6.3.1/../../../../arm-none-eabi/lib/thumb/v6-m\libc_nano.a(lib_a-nano-callocr.o)
 .ARM.attributes
                0x00000af6       0x2c c:/program files (x86)/atmel/studio/7.0/toolchain/arm/arm-gnu-toolchain/bin/../lib/gcc/arm-none-eabi/6.3.1/../../../../arm-none-eabi/lib/thumb/v6-m\libc_nano.a(lib_a-reent.o)
 .ARM.attributes
                0x00000b22       0x2c c:/program files (x86)/atmel/studio/7.0/toolchain/arm/arm-gnu-toolchain/bin/../lib/gcc/arm-none-eabi/6.3.1/../../../../arm-none-eabi/lib/thumb/v6-m\libc_nano.a(lib_a-sf_nan.o)
 .ARM.attributes
                0x00000b4e       0x2c c:/program files (x86)/atmel/studio/7.0/toolchain/arm/arm-gnu-toolchain/bin/../lib/gcc/arm-none-eabi/6.3.1/../../../../arm-none-eabi/lib/thumb/v6-m\libc_nano.a(lib_a-strchr.o)
 .ARM.attributes
                0x00000b7a       0x2c c:/program files (x86)/atmel/studio/7.0/toolchain/arm/arm-gnu-toolchain/bin/../lib/gcc/arm-none-eabi/6.3.1/../../../../arm-none-eabi/lib/thumb/v6-m\libc_nano.a(lib_a-strncmp.o)
 .ARM.attributes
                0x00000ba6       0x2c c:/program files (x86)/atmel/studio/7.0/toolchain/arm/arm-gnu-toolchain/bin/../lib/gcc/arm-none-eabi/6.3.1/../../../../arm-none-eabi/lib/thumb/v6-m\libc_nano.a(lib_a-wctomb_r.o)
 .ARM.attributes
                0x00000bd2       0x2c c:/program files (x86)/atmel/studio/7.0/toolchain/arm/arm-gnu-toolchain/bin/../lib/gcc/arm-none-eabi/6.3.1/../../../../arm-none-eabi/lib/thumb/v6-m\libc_nano.a(lib_a-ctype_.o)
 .ARM.attributes
                0x00000bfe       0x1e c:/program files (x86)/atmel/studio/7.0/toolchain/arm/arm-gnu-toolchain/bin/../lib/gcc/arm-none-eabi/6.3.1/thumb/v6-m\libgcc.a(_thumb1_case_uqi.o)
 .ARM.attributes
                0x00000c1c       0x1e c:/program files (x86)/atmel/studio/7.0/toolchain/arm/arm-gnu-toolchain/bin/../lib/gcc/arm-none-eabi/6.3.1/thumb/v6-m\libgcc.a(_arm_cmpsf2.o)
 .ARM.attributes
                0x00000c3a       0x2c c:/program files (x86)/atmel/studio/7.0/toolchain/arm/arm-gnu-toolchain/bin/../lib/gcc/arm-none-eabi/6.3.1/thumb/v6-m\libgcc.a(eqsf2.o)
 .ARM.attributes
                0x00000c66       0x2c c:/program files (x86)/atmel/studio/7.0/toolchain/arm/arm-gnu-toolchain/bin/../lib/gcc/arm-none-eabi/6.3.1/thumb/v6-m\libgcc.a(gesf2.o)
 .ARM.attributes
                0x00000c92       0x2c c:/program files (x86)/atmel/studio/7.0/toolchain/arm/arm-gnu-toolchain/bin/../lib/gcc/arm-none-eabi/6.3.1/thumb/v6-m\libgcc.a(lesf2.o)
 .ARM.attributes
                0x00000cbe       0x2c c:/program files (x86)/atmel/studio/7.0/toolchain/arm/arm-gnu-toolchain/bin/../lib/gcc/arm-none-eabi/6.3.1/thumb/v6-m\libgcc.a(unordsf2.o)
 .ARM.attributes
                0x00000cea       0x2c c:/program files (x86)/atmel/studio/7.0/toolchain/arm/arm-gnu-toolchain/bin/../lib/gcc/arm-none-eabi/6.3.1/thumb/v6-m\libgcc.a(unorddf2.o)
 .ARM.attributes
                0x00000d16       0x2c c:/program files (x86)/atmel/studio/7.0/toolchain/arm/arm-gnu-toolchain/bin/../lib/gcc/arm-none-eabi/6.3.1/thumb/v6-m\libgcc.a(floatunsidf.o)
 .ARM.attributes
                0x00000d42       0x1e c:/program files (x86)/atmel/studio/7.0/toolchain/arm/arm-gnu-toolchain/bin/../lib/gcc/arm-none-eabi/6.3.1/thumb/v6-m/crtn.o

.comment        0x00000000       0x59
 .comment       0x00000000       0x59 Device_Startup/startup_samd21.o
                                 0x5a (size before relaxing)
 .comment       0x00000059       0x5a Device_Startup/system_samd21.o
 .comment       0x00000059       0x5a hal/utils/src/utils_syscalls.o
 .comment       0x00000059       0x5a hpl/tc/hpl_tc.o
 .comment       0x00000059       0x5a led_switcher_main.o
 .comment       0x00000059       0x5a tinyusb/hw/bsp/samd21/Clock_Init.o
 .comment       0x00000059       0x5a tinyusb/hw/bsp/samd21/family.o
 .comment       0x00000059       0x5a tinyusb/hw/usbtmc_app.o
 .comment       0x00000059       0x5a tinyusb/hw/usb_descriptors.o
 .comment       0x00000059       0x5a tinyusb/src/class/usbtmc/usbtmc_device.o
 .comment       0x00000059       0x5a tinyusb/src/common/tusb_fifo.o
 .comment       0x00000059       0x5a tinyusb/src/device/usbd.o
 .comment       0x00000059       0x5a tinyusb/src/device/usbd_control.o
 .comment       0x00000059       0x5a tinyusb/src/portable/dcd_samd.o
 .comment       0x00000059       0x5a tinyusb/src/tusb.o

.debug_info     0x00000000    0x25c71
 .debug_info    0x00000000     0x3a2c Device_Startup/startup_samd21.o
 .debug_info    0x00003a2c       0xd5 Device_Startup/system_samd21.o
 .debug_info    0x00003b01      0xdca hal/utils/src/utils_syscalls.o
 .debug_info    0x000048cb     0x2194 hpl/tc/hpl_tc.o
 .debug_info    0x00006a5f      0xd13 led_switcher_main.o
 .debug_info    0x00007772     0x27d2 tinyusb/hw/bsp/samd21/Clock_Init.o
 .debug_info    0x00009f44     0x8ed2 tinyusb/hw/bsp/samd21/family.o
 .debug_info    0x00012e16     0x3e95 tinyusb/hw/usbtmc_app.o
 .debug_info    0x00016cab      0xd9a tinyusb/hw/usb_descriptors.o
 .debug_info    0x00017a45     0x2a64 tinyusb/src/class/usbtmc/usbtmc_device.o
 .debug_info    0x0001a4a9     0x2343 tinyusb/src/common/tusb_fifo.o
 .debug_info    0x0001c7ec     0x34ed tinyusb/src/device/usbd.o
 .debug_info    0x0001fcd9     0x1121 tinyusb/src/device/usbd_control.o
 .debug_info    0x00020dfa     0x3d2a tinyusb/src/portable/dcd_samd.o
 .debug_info    0x00024b24     0x114d tinyusb/src/tusb.o

.debug_abbrev   0x00000000     0x3326
 .debug_abbrev  0x00000000      0x227 Device_Startup/startup_samd21.o
 .debug_abbrev  0x00000227       0x72 Device_Startup/system_samd21.o
 .debug_abbrev  0x00000299      0x269 hal/utils/src/utils_syscalls.o
 .debug_abbrev  0x00000502      0x4da hpl/tc/hpl_tc.o
 .debug_abbrev  0x000009dc      0x296 led_switcher_main.o
 .debug_abbrev  0x00000c72      0x1b1 tinyusb/hw/bsp/samd21/Clock_Init.o
 .debug_abbrev  0x00000e23      0x4c7 tinyusb/hw/bsp/samd21/family.o
 .debug_abbrev  0x000012ea      0x49a tinyusb/hw/usbtmc_app.o
 .debug_abbrev  0x00001784      0x25f tinyusb/hw/usb_descriptors.o
 .debug_abbrev  0x000019e3      0x484 tinyusb/src/class/usbtmc/usbtmc_device.o
 .debug_abbrev  0x00001e67      0x440 tinyusb/src/common/tusb_fifo.o
 .debug_abbrev  0x000022a7      0x4e6 tinyusb/src/device/usbd.o
 .debug_abbrev  0x0000278d      0x34e tinyusb/src/device/usbd_control.o
 .debug_abbrev  0x00002adb      0x53b tinyusb/src/portable/dcd_samd.o
 .debug_abbrev  0x00003016      0x310 tinyusb/src/tusb.o

.debug_loc      0x00000000     0x85e0
 .debug_loc     0x00000000       0x78 Device_Startup/startup_samd21.o
 .debug_loc     0x00000078      0x13b hal/utils/src/utils_syscalls.o
 .debug_loc     0x000001b3      0x906 hpl/tc/hpl_tc.o
 .debug_loc     0x00000ab9       0x40 led_switcher_main.o
 .debug_loc     0x00000af9       0xaa tinyusb/hw/bsp/samd21/Clock_Init.o
 .debug_loc     0x00000ba3      0xafe tinyusb/hw/bsp/samd21/family.o
 .debug_loc     0x000016a1      0x9af tinyusb/hw/usbtmc_app.o
 .debug_loc     0x00002050      0x158 tinyusb/hw/usb_descriptors.o
 .debug_loc     0x000021a8     0x1763 tinyusb/src/class/usbtmc/usbtmc_device.o
 .debug_loc     0x0000390b     0x2216 tinyusb/src/common/tusb_fifo.o
 .debug_loc     0x00005b21     0x19b0 tinyusb/src/device/usbd.o
 .debug_loc     0x000074d1      0x4e7 tinyusb/src/device/usbd_control.o
 .debug_loc     0x000079b8      0x7d9 tinyusb/src/portable/dcd_samd.o
 .debug_loc     0x00008191      0x44f tinyusb/src/tusb.o

.debug_aranges  0x00000000      0x708
 .debug_aranges
                0x00000000       0x28 Device_Startup/startup_samd21.o
 .debug_aranges
                0x00000028       0x28 Device_Startup/system_samd21.o
 .debug_aranges
                0x00000050       0x60 hal/utils/src/utils_syscalls.o
 .debug_aranges
                0x000000b0       0x90 hpl/tc/hpl_tc.o
 .debug_aranges
                0x00000140       0x50 led_switcher_main.o
 .debug_aranges
                0x00000190       0x28 tinyusb/hw/bsp/samd21/Clock_Init.o
 .debug_aranges
                0x000001b8       0x58 tinyusb/hw/bsp/samd21/family.o
 .debug_aranges
                0x00000210       0xe0 tinyusb/hw/usbtmc_app.o
 .debug_aranges
                0x000002f0       0x30 tinyusb/hw/usb_descriptors.o
 .debug_aranges
                0x00000320       0x70 tinyusb/src/class/usbtmc/usbtmc_device.o
 .debug_aranges
                0x00000390      0x118 tinyusb/src/common/tusb_fifo.o
 .debug_aranges
                0x000004a8      0x118 tinyusb/src/device/usbd.o
 .debug_aranges
                0x000005c0       0x50 tinyusb/src/device/usbd_control.o
 .debug_aranges
                0x00000610       0xa8 tinyusb/src/portable/dcd_samd.o
 .debug_aranges
                0x000006b8       0x50 tinyusb/src/tusb.o

.debug_ranges   0x00000000      0xb20
 .debug_ranges  0x00000000       0x18 Device_Startup/startup_samd21.o
 .debug_ranges  0x00000018       0x18 Device_Startup/system_samd21.o
 .debug_ranges  0x00000030       0x50 hal/utils/src/utils_syscalls.o
 .debug_ranges  0x00000080       0x80 hpl/tc/hpl_tc.o
 .debug_ranges  0x00000100       0x40 led_switcher_main.o
 .debug_ranges  0x00000140       0x18 tinyusb/hw/bsp/samd21/Clock_Init.o
 .debug_ranges  0x00000158       0x60 tinyusb/hw/bsp/samd21/family.o
 .debug_ranges  0x000001b8       0xd0 tinyusb/hw/usbtmc_app.o
 .debug_ranges  0x00000288       0x58 tinyusb/hw/usb_descriptors.o
 .debug_ranges  0x000002e0      0x110 tinyusb/src/class/usbtmc/usbtmc_device.o
 .debug_ranges  0x000003f0      0x178 tinyusb/src/common/tusb_fifo.o
 .debug_ranges  0x00000568      0x400 tinyusb/src/device/usbd.o
 .debug_ranges  0x00000968       0x88 tinyusb/src/device/usbd_control.o
 .debug_ranges  0x000009f0       0xb0 tinyusb/src/portable/dcd_samd.o
 .debug_ranges  0x00000aa0       0x80 tinyusb/src/tusb.o

.debug_macro    0x00000000     0x61a7
 .debug_macro   0x00000000      0x310 Device_Startup/startup_samd21.o
 .debug_macro   0x00000310       0x39 Device_Startup/startup_samd21.o
 .debug_macro   0x00000349      0x316 Device_Startup/system_samd21.o
 .debug_macro   0x0000065f      0x1d6 hal/utils/src/utils_syscalls.o
 .debug_macro   0x00000835       0x52 hal/utils/src/utils_syscalls.o
 .debug_macro   0x00000887       0x8d hal/utils/src/utils_syscalls.o
 .debug_macro   0x00000914       0x16 hal/utils/src/utils_syscalls.o
 .debug_macro   0x0000092a       0x57 hal/utils/src/utils_syscalls.o
 .debug_macro   0x00000981       0x97 hal/utils/src/utils_syscalls.o
 .debug_macro   0x00000a18      0x353 hal/utils/src/utils_syscalls.o
 .debug_macro   0x00000d6b       0xf6 hal/utils/src/utils_syscalls.o
 .debug_macro   0x00000e61       0x10 hal/utils/src/utils_syscalls.o
 .debug_macro   0x00000e71       0x10 hal/utils/src/utils_syscalls.o
 .debug_macro   0x00000e81       0x1c hal/utils/src/utils_syscalls.o
 .debug_macro   0x00000e9d       0x52 hal/utils/src/utils_syscalls.o
 .debug_macro   0x00000eef       0x40 hal/utils/src/utils_syscalls.o
 .debug_macro   0x00000f2f       0x10 hal/utils/src/utils_syscalls.o
 .debug_macro   0x00000f3f       0x40 hal/utils/src/utils_syscalls.o
 .debug_macro   0x00000f7f       0xd7 hal/utils/src/utils_syscalls.o
 .debug_macro   0x00001056       0x16 hal/utils/src/utils_syscalls.o
 .debug_macro   0x0000106c      0x18b hal/utils/src/utils_syscalls.o
 .debug_macro   0x000011f7       0x4c hal/utils/src/utils_syscalls.o
 .debug_macro   0x00001243       0x16 hal/utils/src/utils_syscalls.o
 .debug_macro   0x00001259       0x10 hal/utils/src/utils_syscalls.o
 .debug_macro   0x00001269       0x10 hal/utils/src/utils_syscalls.o
 .debug_macro   0x00001279       0x35 hal/utils/src/utils_syscalls.o
 .debug_macro   0x000012ae      0x122 hal/utils/src/utils_syscalls.o
 .debug_macro   0x000013d0      0x4bd hpl/tc/hpl_tc.o
 .debug_macro   0x0000188d       0x10 hpl/tc/hpl_tc.o
 .debug_macro   0x0000189d       0x75 hpl/tc/hpl_tc.o
 .debug_macro   0x00001912      0x7c9 led_switcher_main.o
 .debug_macro   0x000020db       0x16 led_switcher_main.o
 .debug_macro   0x000020f1      0x10e led_switcher_main.o
 .debug_macro   0x000021ff       0x86 led_switcher_main.o
 .debug_macro   0x00002285       0x16 led_switcher_main.o
 .debug_macro   0x0000229b       0x29 led_switcher_main.o
 .debug_macro   0x000022c4       0x1c led_switcher_main.o
 .debug_macro   0x000022e0       0x16 led_switcher_main.o
 .debug_macro   0x000022f6       0xaf led_switcher_main.o
 .debug_macro   0x000023a5       0xc4 led_switcher_main.o
 .debug_macro   0x00002469       0x6a led_switcher_main.o
 .debug_macro   0x000024d3      0x146 led_switcher_main.o
 .debug_macro   0x00002619      0x223 led_switcher_main.o
 .debug_macro   0x0000283c       0x58 led_switcher_main.o
 .debug_macro   0x00002894       0x24 led_switcher_main.o
 .debug_macro   0x000028b8      0x11c led_switcher_main.o
 .debug_macro   0x000029d4       0x64 led_switcher_main.o
 .debug_macro   0x00002a38       0x11 led_switcher_main.o
 .debug_macro   0x00002a49       0xc7 led_switcher_main.o
 .debug_macro   0x00002b10       0x25 led_switcher_main.o
 .debug_macro   0x00002b35       0x1c led_switcher_main.o
 .debug_macro   0x00002b51       0x1c led_switcher_main.o
 .debug_macro   0x00002b6d      0x6cb led_switcher_main.o
 .debug_macro   0x00003238      0x37b led_switcher_main.o
 .debug_macro   0x000035b3       0x16 led_switcher_main.o
 .debug_macro   0x000035c9      0x32c tinyusb/hw/bsp/samd21/Clock_Init.o
 .debug_macro   0x000038f5      0x1d1 tinyusb/hw/bsp/samd21/Clock_Init.o
 .debug_macro   0x00003ac6      0x756 tinyusb/hw/bsp/samd21/family.o
 .debug_macro   0x0000421c       0x2e tinyusb/hw/bsp/samd21/family.o
 .debug_macro   0x0000424a      0x61f tinyusb/hw/usbtmc_app.o
 .debug_macro   0x00004869       0x10 tinyusb/hw/usbtmc_app.o
 .debug_macro   0x00004879      0x2e4 tinyusb/hw/usb_descriptors.o
 .debug_macro   0x00004b5d      0x2a9 tinyusb/src/class/usbtmc/usbtmc_device.o
 .debug_macro   0x00004e06      0x375 tinyusb/src/class/usbtmc/usbtmc_device.o
 .debug_macro   0x0000517b       0x22 tinyusb/src/class/usbtmc/usbtmc_device.o
 .debug_macro   0x0000519d      0x27f tinyusb/src/common/tusb_fifo.o
 .debug_macro   0x0000541c      0x2e5 tinyusb/src/device/usbd.o
 .debug_macro   0x00005701      0x2be tinyusb/src/device/usbd_control.o
 .debug_macro   0x000059bf      0x526 tinyusb/src/portable/dcd_samd.o
 .debug_macro   0x00005ee5      0x2c2 tinyusb/src/tusb.o

.debug_line     0x00000000     0x8d01
 .debug_line    0x00000000      0x70c Device_Startup/startup_samd21.o
 .debug_line    0x0000070c      0x6f4 Device_Startup/system_samd21.o
 .debug_line    0x00000e00      0x40b hal/utils/src/utils_syscalls.o
 .debug_line    0x0000120b      0xc63 hpl/tc/hpl_tc.o
 .debug_line    0x00001e6e      0xe52 led_switcher_main.o
 .debug_line    0x00002cc0      0x77a tinyusb/hw/bsp/samd21/Clock_Init.o
 .debug_line    0x0000343a      0xebe tinyusb/hw/bsp/samd21/family.o
 .debug_line    0x000042f8      0xde7 tinyusb/hw/usbtmc_app.o
 .debug_line    0x000050df      0x56e tinyusb/hw/usb_descriptors.o
 .debug_line    0x0000564d      0x8ea tinyusb/src/class/usbtmc/usbtmc_device.o
 .debug_line    0x00005f37      0x8b9 tinyusb/src/common/tusb_fifo.o
 .debug_line    0x000067f0      0xc6d tinyusb/src/device/usbd.o
 .debug_line    0x0000745d      0x62f tinyusb/src/device/usbd_control.o
 .debug_line    0x00007a8c      0xc0a tinyusb/src/portable/dcd_samd.o
 .debug_line    0x00008696      0x66b tinyusb/src/tusb.o

.debug_str      0x00000000    0x911e5
 .debug_str     0x00000000    0x71346 Device_Startup/startup_samd21.o
                              0x7178e (size before relaxing)
 .debug_str     0x00071346       0x5c Device_Startup/system_samd21.o
                              0x7060e (size before relaxing)
 .debug_str     0x000713a2     0x478d hal/utils/src/utils_syscalls.o
                               0x72f9 (size before relaxing)
 .debug_str     0x00075b2f     0x9d78 hpl/tc/hpl_tc.o
                              0x7a833 (size before relaxing)
 .debug_str     0x0007f8a7     0xc1c0 led_switcher_main.o
                              0x892e2 (size before relaxing)
 .debug_str     0x0008ba67     0x1374 tinyusb/hw/bsp/samd21/Clock_Init.o
                              0x71bdf (size before relaxing)
 .debug_str     0x0008cddb      0xe8f tinyusb/hw/bsp/samd21/family.o
                              0x8bf33 (size before relaxing)
 .debug_str     0x0008dc6a      0xdbd tinyusb/hw/usbtmc_app.o
                              0x8184f (size before relaxing)
 .debug_str     0x0008ea27      0x87a tinyusb/hw/usb_descriptors.o
                              0x1365f (size before relaxing)
 .debug_str     0x0008f2a1      0xd1b tinyusb/src/class/usbtmc/usbtmc_device.o
                              0x11b94 (size before relaxing)
 .debug_str     0x0008ffbc      0x442 tinyusb/src/common/tusb_fifo.o
                               0xa088 (size before relaxing)
 .debug_str     0x000903fe      0xa88 tinyusb/src/device/usbd.o
                              0x141ec (size before relaxing)
 .debug_str     0x00090e86       0xe9 tinyusb/src/device/usbd_control.o
                              0x1314b (size before relaxing)
 .debug_str     0x00090f6f      0x202 tinyusb/src/portable/dcd_samd.o
                              0x77f80 (size before relaxing)
 .debug_str     0x00091171       0x74 tinyusb/src/tusb.o
                              0x13384 (size before relaxing)

.debug_frame    0x00000000     0x2014
 .debug_frame   0x00000000       0x40 Device_Startup/startup_samd21.o
 .debug_frame   0x00000040       0x30 Device_Startup/system_samd21.o
 .debug_frame   0x00000070       0xa8 hal/utils/src/utils_syscalls.o
 .debug_frame   0x00000118      0x134 hpl/tc/hpl_tc.o
 .debug_frame   0x0000024c       0x90 led_switcher_main.o
 .debug_frame   0x000002dc       0x3c tinyusb/hw/bsp/samd21/Clock_Init.o
 .debug_frame   0x00000318       0xb4 tinyusb/hw/bsp/samd21/family.o
 .debug_frame   0x000003cc      0x230 tinyusb/hw/usbtmc_app.o
 .debug_frame   0x000005fc       0x4c tinyusb/hw/usb_descriptors.o
 .debug_frame   0x00000648      0x150 tinyusb/src/class/usbtmc/usbtmc_device.o
 .debug_frame   0x00000798      0x33c tinyusb/src/common/tusb_fifo.o
 .debug_frame   0x00000ad4      0x360 tinyusb/src/device/usbd.o
 .debug_frame   0x00000e34       0xcc tinyusb/src/device/usbd_control.o
 .debug_frame   0x00000f00      0x194 tinyusb/src/portable/dcd_samd.o
 .debug_frame   0x00001094       0xa0 tinyusb/src/tusb.o
 .debug_frame   0x00001134       0x20 c:/program files (x86)/atmel/studio/7.0/toolchain/arm/arm-gnu-toolchain/bin/../lib/gcc/arm-none-eabi/6.3.1/thumb/v6-m\libgcc.a(_udivsi3.o)
 .debug_frame   0x00001154       0x20 c:/program files (x86)/atmel/studio/7.0/toolchain/arm/arm-gnu-toolchain/bin/../lib/gcc/arm-none-eabi/6.3.1/thumb/v6-m\libgcc.a(_divsi3.o)
 .debug_frame   0x00001174       0x2c c:/program files (x86)/atmel/studio/7.0/toolchain/arm/arm-gnu-toolchain/bin/../lib/gcc/arm-none-eabi/6.3.1/thumb/v6-m\libgcc.a(_fixunsdfsi.o)
 .debug_frame   0x000011a0       0x3c c:/program files (x86)/atmel/studio/7.0/toolchain/arm/arm-gnu-toolchain/bin/../lib/gcc/arm-none-eabi/6.3.1/thumb/v6-m\libgcc.a(mulsf3.o)
 .debug_frame   0x000011dc       0x38 c:/program files (x86)/atmel/studio/7.0/toolchain/arm/arm-gnu-toolchain/bin/../lib/gcc/arm-none-eabi/6.3.1/thumb/v6-m\libgcc.a(subsf3.o)
 .debug_frame   0x00001214       0x20 c:/program files (x86)/atmel/studio/7.0/toolchain/arm/arm-gnu-toolchain/bin/../lib/gcc/arm-none-eabi/6.3.1/thumb/v6-m\libgcc.a(fixsfsi.o)
 .debug_frame   0x00001234       0x2c c:/program files (x86)/atmel/studio/7.0/toolchain/arm/arm-gnu-toolchain/bin/../lib/gcc/arm-none-eabi/6.3.1/thumb/v6-m\libgcc.a(floatsisf.o)
 .debug_frame   0x00001260       0x28 c:/program files (x86)/atmel/studio/7.0/toolchain/arm/arm-gnu-toolchain/bin/../lib/gcc/arm-none-eabi/6.3.1/thumb/v6-m\libgcc.a(floatunsisf.o)
 .debug_frame   0x00001288       0x3c c:/program files (x86)/atmel/studio/7.0/toolchain/arm/arm-gnu-toolchain/bin/../lib/gcc/arm-none-eabi/6.3.1/thumb/v6-m\libgcc.a(adddf3.o)
 .debug_frame   0x000012c4       0x3c c:/program files (x86)/atmel/studio/7.0/toolchain/arm/arm-gnu-toolchain/bin/../lib/gcc/arm-none-eabi/6.3.1/thumb/v6-m\libgcc.a(divdf3.o)
 .debug_frame   0x00001300       0x3c c:/program files (x86)/atmel/studio/7.0/toolchain/arm/arm-gnu-toolchain/bin/../lib/gcc/arm-none-eabi/6.3.1/thumb/v6-m\libgcc.a(muldf3.o)
 .debug_frame   0x0000133c       0x38 c:/program files (x86)/atmel/studio/7.0/toolchain/arm/arm-gnu-toolchain/bin/../lib/gcc/arm-none-eabi/6.3.1/thumb/v6-m\libgcc.a(subdf3.o)
 .debug_frame   0x00001374       0x2c c:/program files (x86)/atmel/studio/7.0/toolchain/arm/arm-gnu-toolchain/bin/../lib/gcc/arm-none-eabi/6.3.1/thumb/v6-m\libgcc.a(fixdfsi.o)
 .debug_frame   0x000013a0       0x2c c:/program files (x86)/atmel/studio/7.0/toolchain/arm/arm-gnu-toolchain/bin/../lib/gcc/arm-none-eabi/6.3.1/thumb/v6-m\libgcc.a(floatsidf.o)
 .debug_frame   0x000013cc       0x2c c:/program files (x86)/atmel/studio/7.0/toolchain/arm/arm-gnu-toolchain/bin/../lib/gcc/arm-none-eabi/6.3.1/thumb/v6-m\libgcc.a(extendsfdf2.o)
 .debug_frame   0x000013f8       0x30 c:/program files (x86)/atmel/studio/7.0/toolchain/arm/arm-gnu-toolchain/bin/../lib/gcc/arm-none-eabi/6.3.1/thumb/v6-m\libgcc.a(truncdfsf2.o)
 .debug_frame   0x00001428       0x38 c:/program files (x86)/atmel/studio/7.0/toolchain/arm/arm-gnu-toolchain/bin/../lib/gcc/arm-none-eabi/6.3.1/thumb/v6-m\libgcc.a(eqdf2.o)
 .debug_frame   0x00001460       0x38 c:/program files (x86)/atmel/studio/7.0/toolchain/arm/arm-gnu-toolchain/bin/../lib/gcc/arm-none-eabi/6.3.1/thumb/v6-m\libgcc.a(gedf2.o)
 .debug_frame   0x00001498       0x38 c:/program files (x86)/atmel/studio/7.0/toolchain/arm/arm-gnu-toolchain/bin/../lib/gcc/arm-none-eabi/6.3.1/thumb/v6-m\libgcc.a(ledf2.o)
 .debug_frame   0x000014d0       0x40 c:/program files (x86)/atmel/studio/7.0/toolchain/arm/arm-gnu-toolchain/bin/../lib/gcc/arm-none-eabi/6.3.1/../../../../arm-none-eabi/lib/thumb/v6-m\libc_nano.a(lib_a-atoi.o)
 .debug_frame   0x00001510       0x2c c:/program files (x86)/atmel/studio/7.0/toolchain/arm/arm-gnu-toolchain/bin/../lib/gcc/arm-none-eabi/6.3.1/../../../../arm-none-eabi/lib/thumb/v6-m\libc_nano.a(lib_a-init.o)
 .debug_frame   0x0000153c       0x40 c:/program files (x86)/atmel/studio/7.0/toolchain/arm/arm-gnu-toolchain/bin/../lib/gcc/arm-none-eabi/6.3.1/../../../../arm-none-eabi/lib/thumb/v6-m\libc_nano.a(lib_a-itoa.o)
 .debug_frame   0x0000157c       0x40 c:/program files (x86)/atmel/studio/7.0/toolchain/arm/arm-gnu-toolchain/bin/../lib/gcc/arm-none-eabi/6.3.1/../../../../arm-none-eabi/lib/thumb/v6-m\libc_nano.a(lib_a-malloc.o)
 .debug_frame   0x000015bc       0x28 c:/program files (x86)/atmel/studio/7.0/toolchain/arm/arm-gnu-toolchain/bin/../lib/gcc/arm-none-eabi/6.3.1/../../../../arm-none-eabi/lib/thumb/v6-m\libc_nano.a(lib_a-memcpy-stub.o)
 .debug_frame   0x000015e4       0x20 c:/program files (x86)/atmel/studio/7.0/toolchain/arm/arm-gnu-toolchain/bin/../lib/gcc/arm-none-eabi/6.3.1/../../../../arm-none-eabi/lib/thumb/v6-m\libc_nano.a(lib_a-memset.o)
 .debug_frame   0x00001604       0x2c c:/program files (x86)/atmel/studio/7.0/toolchain/arm/arm-gnu-toolchain/bin/../lib/gcc/arm-none-eabi/6.3.1/../../../../arm-none-eabi/lib/thumb/v6-m\libc_nano.a(lib_a-nano-mallocr.o)
 .debug_frame   0x00001630       0x2c c:/program files (x86)/atmel/studio/7.0/toolchain/arm/arm-gnu-toolchain/bin/../lib/gcc/arm-none-eabi/6.3.1/../../../../arm-none-eabi/lib/thumb/v6-m\libc_nano.a(lib_a-sbrkr.o)
 .debug_frame   0x0000165c       0x28 c:/program files (x86)/atmel/studio/7.0/toolchain/arm/arm-gnu-toolchain/bin/../lib/gcc/arm-none-eabi/6.3.1/../../../../arm-none-eabi/lib/thumb/v6-m\libc_nano.a(lib_a-strcat.o)
 .debug_frame   0x00001684       0x34 c:/program files (x86)/atmel/studio/7.0/toolchain/arm/arm-gnu-toolchain/bin/../lib/gcc/arm-none-eabi/6.3.1/../../../../arm-none-eabi/lib/thumb/v6-m\libc_nano.a(lib_a-strncasecmp.o)
 .debug_frame   0x000016b8       0x2c c:/program files (x86)/atmel/studio/7.0/toolchain/arm/arm-gnu-toolchain/bin/../lib/gcc/arm-none-eabi/6.3.1/../../../../arm-none-eabi/lib/thumb/v6-m\libc_nano.a(lib_a-strrchr.o)
 .debug_frame   0x000016e4       0xe0 c:/program files (x86)/atmel/studio/7.0/toolchain/arm/arm-gnu-toolchain/bin/../lib/gcc/arm-none-eabi/6.3.1/../../../../arm-none-eabi/lib/thumb/v6-m\libc_nano.a(lib_a-strtod.o)
 .debug_frame   0x000017c4       0x88 c:/program files (x86)/atmel/studio/7.0/toolchain/arm/arm-gnu-toolchain/bin/../lib/gcc/arm-none-eabi/6.3.1/../../../../arm-none-eabi/lib/thumb/v6-m\libc_nano.a(lib_a-strtol.o)
 .debug_frame   0x0000184c       0x48 c:/program files (x86)/atmel/studio/7.0/toolchain/arm/arm-gnu-toolchain/bin/../lib/gcc/arm-none-eabi/6.3.1/../../../../arm-none-eabi/lib/thumb/v6-m\libc_nano.a(lib_a-utoa.o)
 .debug_frame   0x00001894      0x140 c:/program files (x86)/atmel/studio/7.0/toolchain/arm/arm-gnu-toolchain/bin/../lib/gcc/arm-none-eabi/6.3.1/../../../../arm-none-eabi/lib/thumb/v6-m\libc_nano.a(lib_a-findfp.o)
 .debug_frame   0x000019d4       0x60 c:/program files (x86)/atmel/studio/7.0/toolchain/arm/arm-gnu-toolchain/bin/../lib/gcc/arm-none-eabi/6.3.1/../../../../arm-none-eabi/lib/thumb/v6-m\libc_nano.a(lib_a-gdtoa-gethex.o)
 .debug_frame   0x00001a34       0x68 c:/program files (x86)/atmel/studio/7.0/toolchain/arm/arm-gnu-toolchain/bin/../lib/gcc/arm-none-eabi/6.3.1/../../../../arm-none-eabi/lib/thumb/v6-m\libc_nano.a(lib_a-gdtoa-hexnan.o)